{
  "33112-47196": "로",
  "28879-47532": "리",
  "25169-50896": "원",
  "23460-44368": "교",
  "21681-46041": "동",
  "16718-44256": "고",
  "16369-46020": "도",
  "14270-45824": "대",
  "14254-49328": "산",
  "13560-54617": "학",
  "13335-51032": "의",
  "12955-51452": "주",
  "12672-49548": "소",
  "11997-44284": "과",
  "11795-53944": "트",
  "11101-49436": "서",
  "10744-49549": "속",
  "10521-47560": "마",
  "10449-50976": "유",
  "10392-44600": "길",
  "9521-52824": "치",
  "9489-49324": "사",
  "9369-49457": "성",
  "8826-54620": "한",
  "8764-48512": "부",
  "8669-52380": "천",
  "8604-44396": "구",
  "8535-50500": "아",
  "8081-51473": "중",
  "8062-44144": "거",
  "8002-51109": "장",
  "7890-52264": "차",
  "7799-46321": "등",
  "7454-51221": "정",
  "7453-45224": "남",
  "7430-49888": "신",
  "7343-51060": "이",
  "7183-51648": "지",
  "6919-44221": "경",
  "6612-50526": "앞",
  "6413-52488": "초",
  "6356-49340": "삼",
  "6284-50864": "우",
  "6187-50504": "안",
  "5868-50577": "양",
  "5713-54840": "호",
  "5621-51064": "인",
  "5620-54028": "파",
  "5337-50689": "영",
  "5285-54868": "화",
  "5225-49688": "수",
  "5202-44397": "국",
  "5064-48337": "병",
  "4957-47784": "모",
  "4957-53588": "텔",
  "4928-44288": "관",
  "4880-49884": "시",
  "4820-51665": "집",
  "4818-44277": "공",
  "4810-49828": "스",
  "4770-44032": "가",
  "4700-47928": "문",
  "4436-51652": "진",
  "4419-51204": "전",
  "4415-54644": "해",
  "4413-53552": "터",
  "4315-48372": "보",
  "4204-54943": "횟",
  "4039-51228": "제",
  "3759-45236": "내",
  "3738-50672": "연",
  "3729-48124": "민",
  "3729-49440": "선",
  "3701-54616": "하",
  "3679-51088": "자",
  "3651-51068": "일",
  "3635-48120": "미",
  "3588-49345": "상",
  "3584-44305": "광",
  "3579-51008": "은",
  "3571-50872": "울",
  "3553-52397": "청",
  "3540-50669": "역",
  "3414-54217": "평",
  "3387-54252": "포",
  "3356-44053": "강",
  "3299-44592": "기",
  "3293-44257": "곡",
  "3211-48393": "봉",
  "3138-54801": "협",
  "3099-49468": "센",
  "3082-45208": "나",
  "3016-44228": "계",
  "3001-44552": "금",
  "2908-51216": "점",
  "2907-54788": "현",
  "2896-45800": "단",
  "2890-48513": "북",
  "2836-47548": "림",
  "2832-47932": "물",
  "2825-48169": "방",
  "2825-50724": "오",
  "2813-45453": "농",
  "2803-50857": "용",
  "2745-45817": "당",
  "2741-48264": "번",
  "2736-54665": "행",
  "2697-50516": "암",
  "2691-50808": "외",
  "2680-51077": "입",
  "2569-45909": "덕",
  "2546-47924": "무",
  "2487-49569": "송",
  "2452-52769": "측",
  "2446-48708": "비",
  "2384-52404": "체",
  "2342-50868": "운",
  "2312-44148": "건",
  "2307-50612": "어",
  "2285-49464": "세",
  "2278-48149": "박",
  "2269-54924": "회",
  "2238-46972": "라",
  "2238-47732": "면",
  "2220-50521": "앙",
  "2150-47749": "명",
  "2112-50900": "월",
  "2050-47536": "린",
  "1935-50668": "여",
  "1935-52285": "창",
  "1910-49437": "석",
  "1904-48177": "백",
  "1884-52492": "촌",
  "1804-51333": "종",
  "1759-51012": "을",
  "1711-45796": "다",
  "1711-49692": "순",
  "1682-49444": "설",
  "1669-51312": "조",
  "1659-44608": "김",
  "1641-44060": "개",
  "1596-54637": "항",
  "1577-47785": "목",
  "1531-51116": "재",
  "1486-53685": "통",
  "1478-52629": "축",
  "1438-55141": "흥",
  "1377-49496": "션",
  "1372-46300": "드",
  "1364-46160": "두",
  "1347-54872": "환",
  "1342-46993": "랑",
  "1319-44400": "군",
  "1313-52272": "찰",
  "1283-54805": "형",
  "1204-53468": "태",
  "1203-49885": "식",
  "1200-47308": "료",
  "1198-45432": "노",
  "1180-54633": "합",
  "1172-54172": "펜",
  "1140-54200": "편",
  "1139-50629": "업",
  "1130-48716": "빌",
  "1125-54588": "피",
  "1114-50696": "예",
  "1107-55092": "휴",
  "1106-49352": "새",
  "1103-53440": "타",
  "1076-54624": "할",
  "1047-48373": "복",
  "1027-45328": "널",
  "987-47588": "매",
  "984-48148": "바",
  "978-44172": "게",
  "972-50640": "에",
  "924-47000": "래",
  "916-54980": "후",
  "914-50725": "옥",
  "914-54413": "풍",
  "882-54532": "프",
  "880-45348": "네",
  "853-47564": "만",
  "842-44536": "그",
  "832-49373": "생",
  "825-54889": "황",
  "821-49892": "실",
  "815-50977": "육",
  "814-53356": "크",
  "810-47329": "룡",
  "806-44264": "골",
  "806-51020": "음",
  "799-44036": "간",
  "774-50728": "온",
  "748-48320": "변",
  "747-47549": "립",
  "742-45812": "담",
  "742-54861": "홍",
  "738-51076": "임",
  "727-48152": "반",
  "725-52649": "충",
  "712-50556": "야",
  "698-53076": "코",
  "691-51061": "익",
  "685-53664": "토",
  "684-52632": "춘",
  "680-55148": "희",
  "668-54952": "효",
  "667-46356": "디",
  "663-47112": "레",
  "661-48376": "본",
  "650-50732": "올",
  "636-47449": "륙",
  "634-47581": "망",
  "630-44285": "곽",
  "625-47336": "루",
  "623-49900": "심",
  "612-48520": "불",
  "610-47497": "릉",
  "609-52384": "철",
  "606-44040": "갈",
  "601-47084": "러",
  "587-47161": "령",
  "587-50836": "요",
  "584-48176": "배",
  "581-50557": "약",
  "579-51453": "죽",
  "579-53469": "택",
  "573-52852": "카",
  "569-50948": "위",
  "562-49696": "술",
  "558-50773": "왕",
  "555-48260": "버",
  "545-48516": "분",
  "535-45209": "낙",
  "534-45768": "니",
  "534-53444": "탄",
  "533-45804": "달",
  "528-44417": "궁",
  "527-51021": "읍",
  "524-54693": "향",
  "517-54000": "티",
  "513-54589": "픽",
  "512-50501": "악",
  "509-46973": "락",
  "507-48156": "발",
  "506-49556": "솔",
  "500-49849": "승",
  "496-54392": "푸",
  "481-45436": "논",
  "478-44048": "감",
  "461-47448": "류",
  "459-47480": "른",
  "459-52712": "취",
  "448-52636": "출",
  "445-46308": "들",
  "433-47049": "량",
  "430-53580": "테",
  "425-49933": "쌍",
  "423-54540": "플",
  "419-54036": "팔",
  "417-45936": "데",
  "416-54632": "함",
  "411-51200": "저",
  "410-46021": "독",
  "409-50756": "완",
  "407-50984": "율",
  "406-54876": "활",
  "389-44553": "급",
  "389-45720": "늘",
  "389-53457": "탑",
  "381-47700": "메",
  "380-48277": "법",
  "379-48276": "범",
  "376-45733": "능",
  "373-50676": "열",
  "370-52832": "칠",
  "369-52628": "추",
  "365-50752": "와",
  "356-52280": "참",
  "355-51613": "증",
  "352-51089": "작",
  "351-44540": "근",
  "349-54032": "판",
  "347-50472": "씨",
  "344-48652": "브",
  "343-46164": "둔",
  "341-45544": "뇨",
  "340-48731": "빛",
  "339-47168": "례",
  "337-47492": "름",
  "332-47476": "르",
  "331-44537": "극",
  "324-45380": "년",
  "324-49452": "섬",
  "319-51649": "직",
  "319-54140": "퍼",
  "319-54812": "혜",
  "317-48288": "베",
  "317-48324": "별",
  "316-51656": "질",
  "314-44160": "검",
  "313-47589": "맥",
  "306-45433": "녹",
  "304-46988": "람",
  "302-47140": "려",
  "300-46028": "돌",
  "298-50528": "애",
  "295-44033": "각",
  "294-52252": "찜",
  "291-45684": "뉴",
  "290-48128": "밀",
  "288-50508": "알",
  "288-50980": "윤",
  "287-46976": "란",
  "282-47004": "랜",
  "277-50885": "웅",
  "275-46377": "딩",
  "275-52992": "케",
  "274-44480": "귀",
  "271-47215": "롯",
  "271-48268": "벌",
  "271-51592": "즈",
  "268-50648": "엘",
  "268-53364": "클",
  "265-51201": "적",
  "264-50616": "언",
  "262-45320": "너",
  "262-47197": "록",
  "252-44867": "꽃",
  "250-49368": "샘",
  "250-51104": "잠",
  "250-51340": "좌",
  "248-52377": "척",
  "248-52860": "칼",
  "243-54856": "홈",
  "242-48317": "벽",
  "241-48173": "밭",
  "240-47568": "말",
  "239-50532": "앤",
  "235-52572": "최",
  "232-44068": "갤",
  "232-50892": "워",
  "230-45572": "누",
  "229-44415": "굿",
  "223-47561": "막",
  "220-45789": "닝",
  "215-50837": "욕",
  "214-54596": "필",
  "212-50644": "엔",
  "211-53080": "콘",
  "202-49901": "십",
  "200-47144": "련",
  "198-54408": "품",
  "196-51456": "준",
  "192-54984": "훈",
  "191-48660": "블",
  "189-45769": "닉",
  "186-54728": "허",
  "181-46304": "든",
  "181-53581": "텍",
  "176-49552": "손",
  "173-53412": "키",
  "170-55184": "힐",
  "169-44428": "권",
  "169-52768": "츠",
  "168-50928": "웰",
  "167-45716": "는",
  "165-49800": "슈",
  "164-44404": "굴",
  "164-49689": "숙",
  "158-45397": "녕",
  "157-44049": "갑",
  "153-46749": "뚝",
  "153-50684": "염",
  "152-55036": "훼",
  "150-45908": "더",
  "150-48729": "빙",
  "150-49836": "슬",
  "149-44340": "괴",
  "147-53360": "큰",
  "145-52292": "채",
  "142-50628": "엄",
  "141-51339": "좋",
  "141-53084": "콜",
  "140-49714": "숲",
  "140-54848": "홀",
  "139-46024": "돈",
  "137-45000": "꿈",
  "136-45392": "념",
  "135-45212": "난",
  "135-53948": "튼",
  "134-44260": "곤",
  "134-50517": "압",
  "133-45210": "낚",
  "132-44208": "결",
  "132-47896": "묘",
  "132-51208": "절",
  "132-54168": "페",
  "131-50893": "웍",
  "131-52896": "캠",
  "130-47116": "렌",
  "130-48712": "빈",
  "127-49332": "살",
  "127-51025": "응",
  "126-51313": "족",
  "126-52981": "컵",
  "125-45458": "높",
  "123-44508": "규",
  "123-44620": "까",
  "121-50656": "엠",
  "120-54364": "표",
  "120-54732": "헌",
  "117-49709": "숭",
  "116-47592": "맨",
  "116-53461": "탕",
  "115-49905": "싱",
  "112-45813": "답",
  "111-47085": "럭",
  "110-54253": "폭",
  "108-47569": "맑",
  "107-45940": "덴",
  "107-47925": "묵",
  "107-49353": "색",
  "106-53560": "털",
  "104-52880": "캐",
  "103-53945": "특",
  "102-47217": "롱",
  "102-49632": "쇠",
  "101-50641": "엑",
  "101-50920": "웨",
  "101-52840": "침",
  "101-54056": "패",
  "100-47141": "력",
  "99-52980": "컴",
  "97-53672": "톨",
  "96-49711": "숯",
  "96-53748": "퇴",
  "95-48157": "밝",
  "95-48197": "뱅",
  "94-47672": "머",
  "93-50560": "얀",
  "92-48709": "빅",
  "92-52392": "첨",
  "90-44278": "곶",
  "90-47805": "몽",
  "88-48656": "븐",
  "88-49380": "샤",
  "88-53441": "탁",
  "86-47533": "릭",
  "86-53448": "탈",
  "86-54744": "험",
  "83-45257": "냉",
  "83-47452": "륜",
  "83-48184": "밸",
  "83-52964": "커",
  "82-55121": "흑",
  "81-49845": "습",
  "79-44272": "곰",
  "79-52268": "찬",
  "79-54945": "횡",
  "78-46888": "뜨",
  "77-45216": "날",
  "77-47676": "먼",
  "77-49913": "싹",
  "77-52376": "처",
  "76-46301": "득",
  "75-54504": "퓨",
  "74-44061": "객",
  "74-50028": "썬",
  "74-53804": "투",
  "73-44544": "글",
  "72-53416": "킨",
  "71-47788": "몬",
  "70-55064": "휘",
  "69-48296": "벨",
  "69-54400": "풀",
  "68-45440": "놀",
  "68-48292": "벤",
  "68-50564": "얄",
  "68-54756": "헤",
  "67-45225": "납",
  "67-48624": "뷰",
  "66-45149": "끝",
  "66-48388": "봄",
  "66-51316": "존",
  "66-53328": "큐",
  "65-47016": "램",
  "64-53428": "킴",
  "62-47101": "럽",
  "62-49371": "샛",
  "61-45712": "느",
  "61-46181": "둥",
  "61-49788": "쉼",
  "60-45376": "녀",
  "60-46896": "뜰",
  "59-44512": "균",
  "59-47553": "링",
  "59-48164": "밤",
  "58-47212": "롬",
  "58-50745": "옹",
  "58-53433": "킹",
  "58-54764": "헬",
  "57-47113": "렉",
  "57-51092": "잔",
  "56-50865": "욱",
  "56-54663": "햇",
  "55-44204": "견",
  "55-47092": "럴",
  "55-47582": "맞",
  "55-51236": "젤",
  "55-52293": "책",
  "55-54060": "팬",
  "55-54187": "펫",
  "54-50277": "쑥",
  "53-52828": "친",
  "52-50880": "움",
  "52-53556": "턴",
  "51-46168": "둘",
  "51-53216": "쿠",
  "50-47200": "론",
  "50-49341": "삽",
  "50-49564": "솜",
  "50-55128": "흘",
  "49-47803": "못",
  "49-49453": "섭",
  "49-54785": "혁",
  "48-52968": "컨",
  "48-53224": "쿨",
  "48-54609": "핑",
  "45-47868": "뫼",
  "45-51232": "젠",
  "45-53568": "텀",
  "44-44844": "꼬",
  "44-45180": "끼",
  "44-45797": "닥",
  "44-47352": "룸",
  "44-49660": "쇼",
  "44-50613": "억",
  "44-50952": "윈",
  "44-54064": "팰",
  "43-47131": "렛",
  "43-48316": "벼",
  "43-52509": "총",
  "43-53456": "탐",
  "42-44079": "갯",
  "42-47148": "렬",
  "42-48165": "밥",
  "42-50620": "얼",
  "41-49604": "쇄",
  "41-51004": "으",
  "40-47337": "룩",
  "40-47477": "륵",
  "40-53668": "톤",
  "40-54260": "폴",
  "39-44201": "격",
  "39-45815": "닷",
  "39-49772": "쉬",
  "38-46161": "둑",
  "38-49397": "샵",
  "37-50997": "융",
  "36-46263": "뒷",
  "36-48195": "뱃",
  "35-45944": "델",
  "35-47576": "맘",
  "34-50575": "얏",
  "34-50967": "윗",
  "34-51564": "쥬",
  "34-53472": "탠",
  "33-44516": "귤",
  "33-50715": "옛",
  "33-50883": "웃",
  "33-53304": "퀸",
  "33-54077": "팽",
  "33-54224": "폐",
  "32-45912": "던",
  "32-46608": "또",
  "32-46904": "뜸",
  "31-46027": "돋",
  "31-46405": "땅",
  "31-51217": "접",
  "31-51600": "즐",
  "30-44648": "깨",
  "30-45576": "눈",
  "30-49912": "싸",
  "29-44051": "갓",
  "29-53952": "틀",
  "28-47609": "맹",
  "28-51460": "줄",
  "28-52972": "컬",
  "28-54044": "팜",
  "27-45349": "넥",
  "27-46748": "뚜",
  "27-49480": "셈",
  "26-47019": "랫",
  "26-49472": "셀",
  "26-50685": "엽",
  "26-54001": "틱",
  "25-45580": "눌",
  "25-45916": "덜",
  "25-49100": "뿌",
  "25-49744": "쉐",
  "25-50549": "앵",
  "25-51669": "징",
  "25-52265": "착",
  "24-44152": "걸",
  "24-44984": "꾸",
  "24-45229": "낭",
  "24-45805": "닭",
  "24-53132": "쾌",
  "23-44275": "곳",
  "23-45840": "댐",
  "23-47673": "먹",
  "23-47800": "몸",
  "23-48380": "볼",
  "23-49244": "쁜",
  "23-50052": "쎄",
  "23-50743": "옷",
  "23-51081": "잉",
  "22-47792": "몰",
  "22-48141": "밍",
  "22-48764": "빼",
  "22-48960": "뽀",
  "22-49240": "쁘",
  "22-53011": "켓",
  "21-45356": "넬",
  "21-45367": "넷",
  "21-46524": "떼",
  "21-47579": "맛",
  "21-48127": "믿",
  "21-48261": "벅",
  "21-49920": "쌀",
  "21-52856": "칸",
  "21-53092": "콤",
  "21-53681": "톱",
  "21-54256": "폰",
  "20-45784": "님",
  "20-46944": "띠",
  "20-47469": "륭",
  "20-49492": "셔",
  "20-50024": "써",
  "20-50476": "씬",
  "20-51080": "있",
  "20-51596": "즌",
  "20-54925": "획",
  "19-48295": "벧",
  "19-51137": "쟁",
  "19-55113": "흉",
  "18-44200": "겨",
  "18-46076": "돼",
  "18-46360": "딘",
  "18-46497": "떡",
  "18-47105": "렁",
  "18-47156": "렴",
  "18-48036": "뮤",
  "18-49401": "샹",
  "18-49681": "숑",
  "18-51676": "짜",
  "18-54176": "펠",
  "17-44760": "께",
  "17-45952": "뎀",
  "17-48143": "및",
  "17-49256": "쁨",
  "17-49844": "슴",
  "17-53584": "텐",
  "17-54008": "틸",
  "17-54156": "펌",
  "17-55152": "흰",
  "16-45588": "눔",
  "16-47029": "략",
  "16-50416": "쓰",
  "16-54844": "혼",
  "15-47204": "롤",
  "15-47540": "릴",
  "15-47708": "멜",
  "15-50056": "쎈",
  "15-50519": "앗",
  "15-54004": "틴",
  "14-44312": "괘",
  "14-47495": "릇",
  "14-47704": "멘",
  "14-49343": "삿",
  "14-49928": "쌈",
  "14-50780": "왜",
  "14-51086": "잎",
  "14-51593": "즉",
  "14-51901": "쪽",
  "14-52041": "쭉",
  "14-52236": "찌",
  "14-52843": "칫",
  "14-55176": "히",
  "14-55192": "힘",
  "13-44217": "겹",
  "13-46375": "딧",
  "13-50032": "썰",
  "13-50493": "씽",
  "13-50740": "옴",
  "13-54021": "팅",
  "13-54792": "혈",
  "12-44216": "겸",
  "12-44732": "꺼",
  "12-45336": "넘",
  "12-47001": "랙",
  "12-47100": "럼",
  "12-48121": "믹",
  "12-48145": "밑",
  "12-48736": "빠",
  "12-48744": "빨",
  "12-49388": "샬",
  "12-49455": "섯",
  "12-51697": "짱",
  "12-54736": "헐",
  "11-44432": "궐",
  "11-44611": "깃",
  "11-44618": "깊",
  "11-45516": "뇌",
  "11-47551": "릿",
  "11-47680": "멀",
  "11-49325": "삭",
  "11-49573": "솥",
  "11-49916": "싼",
  "11-50630": "없",
  "11-50956": "윌",
  "11-52412": "첼",
  "11-52644": "춤",
  "11-53097": "콩",
  "10-44596": "긴",
  "10-45321": "넉",
  "10-47355": "룻",
  "10-48533": "붕",
  "10-49462": "섶",
  "10-49752": "쉘",
  "10-50694": "옆",
  "10-50949": "윅",
  "10-51260": "젼",
  "10-53272": "퀘",
  "10-54592": "핀",
  "9-44165": "겅",
  "9-45255": "냇",
  "9-45713": "늑",
  "9-45924": "덤",
  "9-46036": "돔",
  "9-48192": "뱀",
  "9-48391": "봇",
  "9-49399": "샷",
  "9-49780": "쉴",
  "9-51256": "져",
  "9-52524": "촬",
  "9-52740": "츄",
  "9-52789": "층",
  "9-53571": "텃",
  "9-54057": "팩",
  "9-54857": "홉",
  "9-55124": "흔",
  "8-44273": "곱",
  "8-44852": "꼴",
  "8-45285": "냥",
  "8-45806": "닮",
  "8-45843": "댓",
  "8-46244": "뒤",
  "8-46433": "땡",
  "8-47088": "런",
  "8-48521": "붉",
  "8-48727": "빗",
  "8-49406": "샾",
  "8-49481": "셉",
  "8-49832": "슨",
  "8-51674": "짚",
  "8-52489": "촉",
  "8-52884": "캔",
  "8-52888": "캘",
  "8-53489": "탱",
  "8-53596": "템",
  "8-54144": "펀",
  "8-55129": "흙",
  "7-45352": "넨",
  "7-45845": "댕",
  "7-46108": "된",
  "7-46392": "딸",
  "7-48757": "빵",
  "7-51079": "잇",
  "7-51219": "젓",
  "7-52408": "첸",
  "7-53916": "튜",
  "7-54016": "팀",
  "7-54536": "픈",
  "6-44413": "굽",
  "6-44628": "깔",
  "6-44845": "꼭",
  "6-45196": "낌",
  "6-45700": "늄",
  "6-46316": "듬",
  "6-46384": "따",
  "6-46980": "랄",
  "6-48282": "벚",
  "6-48374": "볶",
  "6-48528": "붐",
  "6-48596": "뷔",
  "6-49296": "삐",
  "6-49356": "샌",
  "6-49500": "셜",
  "6-50544": "앰",
  "6-51144": "쟈",
  "6-51692": "짬",
  "6-54029": "팍",
  "6-54049": "팡",
  "6-54169": "펙",
  "6-54268": "폼",
  "6-54411": "풋",
  "5-44621": "깍",
  "5-45337": "넙",
  "5-45825": "댁",
  "5-46039": "돗",
  "5-46272": "듀",
  "5-47484": "를",
  "5-47716": "멤",
  "5-48279": "벗",
  "5-48307": "벳",
  "5-48904": "뼈",
  "5-49483": "셋",
  "5-49704": "숨",
  "5-50760": "왈",
  "5-51664": "짐",
  "5-52308": "챔",
  "5-52395": "첫",
  "5-52845": "칭",
  "5-52899": "캣",
  "5-53812": "툴",
  "5-53825": "퉁",
  "5-54645": "핵",
  "5-54747": "헛",
  "5-55072": "휠",
  "4-44369": "굑",
  "4-44403": "굳",
  "4-44624": "깐",
  "4-44753": "껑",
  "4-44992": "꿀",
  "4-46385": "딱",
  "4-46616": "똘",
  "4-46629": "똥",
  "4-46769": "뚱",
  "4-47017": "랩",
  "4-47120": "렐",
  "4-47340": "룬",
  "4-47456": "률",
  "4-47693": "멍",
  "4-47701": "멕",
  "4-48281": "벙",
  "4-49108": "뿔",
  "4-49360": "샐",
  "4-49565": "솝",
  "4-49707": "숫",
  "4-50529": "액",
  "4-50536": "앨",
  "4-50772": "왔",
  "4-51105": "잡",
  "4-51608": "즘",
  "4-52180": "쯔",
  "4-52393": "첩",
  "4-52507": "촛",
  "4-53000": "켈",
  "4-53104": "콰",
  "4-53553": "턱",
  "4-53680": "톰",
  "4-54075": "팻",
  "3-44733": "꺽",
  "3-45124": "끄",
  "3-45227": "낫",
  "3-45244": "낼",
  "3-45738": "늪",
  "3-45787": "닛",
  "3-45828": "댄",
  "3-45957": "뎅",
  "3-46280": "듈",
  "3-46357": "딕",
  "3-46372": "딤",
  "3-46412": "때",
  "3-47344": "룰",
  "3-47353": "룹",
  "3-47357": "룽",
  "3-47464": "륨",
  "3-47729": "멱",
  "3-47943": "뭇",
  "3-48150": "밖",
  "3-48420": "봤",
  "3-48725": "빕",
  "3-48968": "뽈",
  "3-48981": "뽕",
  "3-49334": "삶",
  "3-49808": "슐",
  "3-50136": "쏘",
  "3-50144": "쏠",
  "3-50633": "엉",
  "3-50659": "엣",
  "3-50937": "웹",
  "3-50969": "윙",
  "3-51107": "잣",
  "3-51132": "잼",
  "3-51424": "죠",
  "3-51667": "짓",
  "3-51677": "짝",
  "3-53301": "퀵",
  "3-54148": "펄",
  "3-54635": "핫",
  "3-54648": "핸",
  "3-54760": "헨",
  "3-54869": "확",
  "3-54915": "횃",
  "3-55012": "훤",
  "3-55136": "흠",
  "3-55137": "흡",
  "2-44076": "갬",
  "2-44081": "갱",
  "2-44096": "걀",
  "2-44361": "굉",
  "2-44412": "굼",
  "2-44557": "긍",
  "2-44645": "깥",
  "2-44749": "껍",
  "2-44860": "꼼",
  "2-45143": "끗",
  "2-45331": "넓",
  "2-45377": "녁",
  "2-45740": "늬",
  "2-45776": "닐",
  "2-45937": "덱",
  "2-46043": "돛",
  "2-46364": "딜",
  "2-46428": "땜",
  "2-47021": "랭",
  "2-47128": "렘",
  "2-47280": "뢰",
  "2-47691": "멋",
  "2-47719": "멧",
  "2-47945": "뭉",
  "2-48068": "믄",
  "2-48139": "밋",
  "2-48155": "받",
  "2-48283": "벛",
  "2-48341": "볕",
  "2-48730": "빚",
  "2-49555": "솓",
  "2-49567": "솟",
  "2-49651": "쇳",
  "2-49903": "싯",
  "2-49944": "쌘",
  "2-50040": "썸",
  "2-50137": "쏙",
  "2-50631": "엇",
  "2-50661": "엥",
  "2-50704": "옐",
  "2-51135": "잿",
  "2-51229": "젝",
  "2-51244": "젬",
  "2-51428": "죤",
  "2-51900": "쪼",
  "2-52320": "챠",
  "2-52432": "쳐",
  "2-52600": "쵸",
  "2-52770": "츢",
  "2-52833": "칡",
  "2-52868": "캄",
  "2-52996": "켄",
  "2-53188": "쿄",
  "2-53569": "텁",
  "2-53665": "톡",
  "2-53683": "톳",
  "2-54045": "팝",
  "2-54396": "푼",
  "2-54660": "햄",
  "2-54885": "홥",
  "1-44057": "같",
  "1-44064": "갠",
  "1-44145": "걱",
  "1-44163": "것",
  "1-44176": "겐",
  "1-44192": "겠",
  "1-44263": "곧",
  "1-44344": "괸",
  "1-44452": "궤",
  "1-44484": "귄",
  "1-44613": "깅",
  "1-44669": "깽",
  "1-44861": "꼽",
  "1-44865": "꽁",
  "1-44866": "꽂",
  "1-45033": "꿩",
  "1-45132": "끌",
  "1-45240": "낸",
  "1-45264": "냐",
  "1-45341": "넝",
  "1-45400": "녘",
  "1-45448": "놈",
  "1-45656": "뉘",
  "1-45728": "늠",
  "1-45734": "늦",
  "1-46045": "돝",
  "1-46104": "되",
  "1-46123": "됫",
  "1-46317": "듭",
  "1-46373": "딥",
  "1-46496": "떠",
  "1-46515": "떳",
  "1-46516": "떴",
  "1-46763": "뚫",
  "1-46892": "뜬",
  "1-46907": "뜻",
  "1-46989": "랍",
  "1-47028": "랴",
  "1-47213": "롭",
  "1-47596": "맬",
  "1-47605": "맵",
  "1-47607": "맷",
  "1-47728": "며",
  "1-47736": "멸",
  "1-48064": "므",
  "1-48136": "밈",
  "1-48167": "밧",
  "1-48289": "벡",
  "1-48348": "볜",
  "1-48785": "뺑",
  "1-48876": "뻬",
  "1-49104": "뿐",
  "1-49520": "셰",
  "1-49528": "셸",
  "1-49664": "숀",
  "1-49677": "숍",
  "1-49710": "숮",
  "1-49776": "쉰",
  "1-49789": "쉽",
  "1-49816": "슘",
  "1-49899": "싫",
  "1-49910": "싶",
  "1-49961": "쌩",
  "1-50045": "썽",
  "1-50060": "쎌",
  "1-50297": "쑹",
  "1-50480": "씰",
  "1-50491": "씻",
  "1-50547": "앳",
  "1-50584": "얘",
  "1-50687": "엿",
  "1-50700": "옌",
  "1-50741": "옵",
  "1-50747": "옻",
  "1-50771": "왓",
  "1-50827": "욋",
  "1-50974": "윞",
  "1-51005": "윽",
  "1-51069": "읽",
  "1-51082": "잊",
  "1-51095": "잗",
  "1-51148": "쟌",
  "1-51172": "쟤",
  "1-51210": "젊",
  "1-51320": "졸",
  "1-51468": "줌",
  "1-51536": "쥐",
  "1-51568": "쥰",
  "1-51572": "쥴",
  "1-51921": "쫑",
  "1-52040": "쭈",
  "1-52240": "찐",
  "1-52281": "찹",
  "1-52283": "찻",
  "1-52286": "찾",
  "1-52300": "챌",
  "1-52324": "챤",
  "1-52496": "촐",
  "1-52647": "춧",
  "1-52656": "춰",
  "1-52901": "캥",
  "1-52983": "컷",
  "1-53008": "켐",
  "1-53077": "콕",
  "1-53108": "콴",
  "1-53220": "쿤",
  "1-53232": "쿰",
  "1-53237": "쿵",
  "1-53244": "쿼",
  "1-53248": "퀀",
  "1-53308": "퀼",
  "1-53336": "큘",
  "1-53431": "킷",
  "1-53449": "탉",
  "1-53476": "탤",
  "1-53484": "탬",
  "1-53487": "탯",
  "1-53573": "텅",
  "1-53924": "튤",
  "1-53960": "틈",
  "1-54105": "퍙",
  "1-54189": "펭",
  "1-54196": "펴",
  "1-54212": "폄",
  "1-54273": "퐁",
  "1-54304": "퐠",
  "1-54383": "푯",
  "1-54604": "핌",
  "1-54672": "햐",
  "1-54729": "헉",
  "1-54749": "헝",
  "1-54757": "헥",
  "1-54784": "혀",
  "1-54800": "혐",
  "1-54988": "훌",
  "1-55008": "훠",
  "1-55120": "흐",
  "1-55145": "흩",
  "1-55156": "흴"
}