{
  "19979": "macau-common-0",
  "20061": "macau-common-0",
  "20180": "macau-common-0",
  "20809": "macau-common-0",
  "21271": "macau-common-0",
  "21312": "macau-common-0",
  "21322": "macau-common-0",
  "21475": "macau-common-0",
  "21488": "macau-common-0",
  "21496": "macau-common-0",
  "22478": "macau-common-0",
  "22522": "macau-common-0",
  "22580": "macau-common-0",
  "22823": "macau-common-0",
  "23376": "macau-common-0",
  "23416": "macau-common-0",
  "23665": "macau-common-0",
  "23798": "macau-common-0",
  "24030": "macau-common-0",
  "24037": "macau-common-0",
  "25171": "macau-common-0",
  "25490": "macau-common-0",
  "26032": "macau-common-0",
  "26449": "macau-common-0",
  "26481": "macau-common-0",
  "26657": "macau-common-0",
  "26989": "macau-common-0",
  "27597": "macau-common-0",
  "27705": "macau-common-0",
  "27801": "macau-common-0",
  "28595": "macau-common-0",
  "28771": "macau-common-0",
  "29872": "macau-common-0",
  "29983": "macau-common-0",
  "30707": "macau-common-0",
  "31481": "macau-common-0",
  "31607": "macau-common-0",
  "32854": "macau-common-0",
  "32879": "macau-common-0",
  "33290": "macau-common-0",
  "35199": "macau-common-0",
  "36335": "macau-common-0",
  "36947": "macau-common-0",
  "37329": "macau-common-0",
  "38272": "macau-common-0",
  "38296": "macau-common-0",
  "38364": "macau-common-0",
  "38738": "macau-common-0",
  "39340": "macau-common-0",
  "40657": "macau-common-0"
}