{
  "44032": "undefined-62",
  "44033": "undefined-80",
  "44036": "undefined-165",
  "44040": "undefined-131",
  "44048": "undefined-300",
  "44049": "undefined-299",
  "44053": "undefined-10",
  "44060": "undefined-5",
  "44144": "undefined-11",
  "44148": "undefined-124",
  "44160": "undefined-298",
  "44221": "undefined-61",
  "44228": "undefined-97",
  "44256": "undefined-6",
  "44257": "undefined-127",
  "44264": "undefined-118",
  "44275": "undefined-296",
  "44277": "undefined-72",
  "44284": "undefined-171",
  "44288": "undefined-28",
  "44305": "undefined-23",
  "44340": "undefined-295",
  "44344": "undefined-294",
  "44368": "undefined-33",
  "44396": "undefined-54",
  "44397": "undefined-63",
  "44400": "undefined-41",
  "44404": "undefined-175",
  "44417": "undefined-156",
  "44480": "undefined-292",
  "44536": "undefined-291",
  "44537": "undefined-219",
  "44552": "undefined-66",
  "44553": "undefined-290",
  "44592": "undefined-82",
  "44600": "undefined-146",
  "44608": "undefined-85",
  "44620": "undefined-288",
  "45208": "undefined-216",
  "45224": "undefined-24",
  "45236": "undefined-135",
  "45257": "undefined-286",
  "45348": "undefined-284",
  "45380": "undefined-16",
  "45392": "undefined-194",
  "45397": "undefined-202",
  "45432": "undefined-204",
  "45716": "undefined-283",
  "45733": "undefined-282",
  "45796": "undefined-101",
  "45800": "undefined-214",
  "45804": "undefined-281",
  "45812": "undefined-280",
  "45813": "undefined-279",
  "45817": "undefined-83",
  "45824": "undefined-15",
  "45840": "undefined-189",
  "45909": "undefined-59",
  "46020": "undefined-0",
  "46028": "undefined-277",
  "46041": "undefined-12",
  "46160": "undefined-38",
  "46164": "undefined-206",
  "46321": "undefined-276",
  "46405": "undefined-273",
  "46972": "undefined-102",
  "46973": "undefined-213",
  "46976": "undefined-152",
  "46993": "undefined-272",
  "47000": "undefined-271",
  "47049": "undefined-169",
  "47084": "undefined-270",
  "47112": "undefined-269",
  "47140": "undefined-99",
  "47141": "undefined-267",
  "47144": "undefined-187",
  "47148": "undefined-266",
  "47161": "undefined-92",
  "47196": "undefined-1",
  "47197": "undefined-43",
  "47308": "undefined-264",
  "47329": "undefined-88",
  "47336": "undefined-263",
  "47357": "undefined-205",
  "47448": "undefined-96",
  "47456": "undefined-262",
  "47497": "undefined-114",
  "47532": "undefined-8",
  "47536": "undefined-220",
  "47548": "undefined-159",
  "47553": "undefined-260",
  "47560": "undefined-58",
  "47561": "undefined-217",
  "47564": "undefined-27",
  "47581": "undefined-259",
  "47588": "undefined-163",
  "47676": "undefined-257",
  "47732": "undefined-177",
  "47749": "undefined-178",
  "47784": "undefined-179",
  "47785": "undefined-256",
  "47792": "undefined-252",
  "47805": "undefined-183",
  "47924": "undefined-137",
  "47928": "undefined-35",
  "47932": "undefined-121",
  "48120": "undefined-167",
  "48124": "undefined-94",
  "48148": "undefined-128",
  "48149": "undefined-166",
  "48152": "undefined-200",
  "48156": "undefined-201",
  "48169": "undefined-68",
  "48176": "undefined-122",
  "48177": "undefined-113",
  "48268": "undefined-251",
  "48276": "undefined-116",
  "48320": "undefined-164",
  "48324": "undefined-138",
  "48337": "undefined-210",
  "48348": "undefined-250",
  "48372": "undefined-84",
  "48373": "undefined-112",
  "48376": "undefined-248",
  "48393": "undefined-48",
  "48512": "undefined-93",
  "48513": "undefined-60",
  "48520": "undefined-245",
  "48521": "undefined-161",
  "48528": "undefined-244",
  "48652": "undefined-174",
  "48708": "undefined-45",
  "48968": "undefined-243",
  "49324": "undefined-20",
  "49328": "undefined-19",
  "49340": "undefined-120",
  "49345": "undefined-74",
  "49352": "undefined-110",
  "49373": "undefined-182",
  "49436": "undefined-55",
  "49437": "undefined-157",
  "49440": "undefined-22",
  "49444": "undefined-188",
  "49457": "undefined-2",
  "49464": "undefined-241",
  "49548": "undefined-52",
  "49549": "undefined-7",
  "49552": "undefined-195",
  "49569": "undefined-75",
  "49688": "undefined-51",
  "49692": "undefined-111",
  "49696": "undefined-207",
  "49709": "undefined-140",
  "49828": "undefined-203",
  "49845": "undefined-123",
  "49849": "undefined-26",
  "49884": "undefined-29",
  "49885": "undefined-240",
  "49888": "undefined-30",
  "49900": "undefined-238",
  "50297": "undefined-237",
  "50472": "undefined-236",
  "50500": "undefined-107",
  "50501": "undefined-149",
  "50504": "undefined-36",
  "50516": "undefined-148",
  "50517": "undefined-42",
  "50521": "undefined-218",
  "50528": "undefined-234",
  "50556": "undefined-147",
  "50577": "undefined-4",
  "50612": "undefined-145",
  "50629": "undefined-154",
  "50630": "undefined-232",
  "50640": "undefined-230",
  "50669": "undefined-9",
  "50672": "undefined-76",
  "50676": "undefined-228",
  "50684": "undefined-227",
  "50689": "undefined-13",
  "50696": "undefined-136",
  "50700": "undefined-226",
  "50724": "undefined-109",
  "50725": "undefined-139",
  "50728": "undefined-184",
  "50732": "undefined-225",
  "50745": "undefined-186",
  "50773": "undefined-129",
  "50808": "undefined-142",
  "50836": "undefined-143",
  "50857": "undefined-190",
  "50864": "undefined-224",
  "50868": "undefined-144",
  "50885": "undefined-17",
  "50896": "undefined-31",
  "50900": "undefined-100",
  "50920": "undefined-196",
  "50948": "undefined-223",
  "50976": "undefined-198",
  "51008": "undefined-108",
  "51012": "undefined-117",
  "51020": "undefined-151",
  "51021": "undefined-67",
  "51032": "undefined-78",
  "51060": "undefined-79",
  "51064": "undefined-81",
  "51068": "undefined-65",
  "51076": "undefined-32",
  "51077": "undefined-222",
  "51088": "undefined-70",
  "51092": "undefined-160",
  "51109": "undefined-34",
  "51135": "undefined-261",
  "51144": "undefined-221",
  "51201": "undefined-126",
  "51204": "undefined-40",
  "51216": "undefined-95",
  "51221": "undefined-44",
  "51228": "undefined-49",
  "51312": "undefined-73",
  "51313": "undefined-162",
  "51316": "undefined-212",
  "51333": "undefined-105",
  "51452": "undefined-39",
  "51453": "undefined-191",
  "51473": "undefined-89",
  "51648": "undefined-87",
  "51649": "undefined-134",
  "51652": "undefined-21",
  "51656": "undefined-229",
  "51665": "undefined-130",
  "51669": "undefined-231",
  "52264": "undefined-173",
  "52272": "undefined-233",
  "52285": "undefined-86",
  "52292": "undefined-235",
  "52293": "undefined-211",
  "52380": "undefined-18",
  "52384": "undefined-150",
  "52392": "undefined-239",
  "52397": "undefined-14",
  "52404": "undefined-192",
  "52488": "undefined-242",
  "52492": "undefined-176",
  "52509": "undefined-172",
  "52524": "undefined-170",
  "52628": "undefined-246",
  "52629": "undefined-247",
  "52632": "undefined-133",
  "52636": "undefined-249",
  "52824": "undefined-125",
  "52832": "undefined-168",
  "52840": "undefined-181",
  "52868": "undefined-253",
  "53216": "undefined-254",
  "53356": "undefined-255",
  "53444": "undefined-132",
  "53457": "undefined-119",
  "53461": "undefined-258",
  "53468": "undefined-91",
  "53469": "undefined-215",
  "53588": "undefined-103",
  "53664": "undefined-158",
  "53685": "undefined-64",
  "53804": "undefined-199",
  "53825": "undefined-265",
  "53944": "undefined-155",
  "53945": "undefined-185",
  "53948": "undefined-268",
  "54028": "undefined-46",
  "54032": "undefined-115",
  "54036": "undefined-153",
  "54217": "undefined-3",
  "54252": "undefined-47",
  "54304": "undefined-274",
  "54392": "undefined-275",
  "54413": "undefined-98",
  "54588": "undefined-197",
  "54596": "undefined-278",
  "54616": "undefined-69",
  "54617": "undefined-25",
  "54620": "undefined-77",
  "54624": "undefined-208",
  "54632": "undefined-90",
  "54633": "undefined-141",
  "54637": "undefined-285",
  "54644": "undefined-57",
  "54665": "undefined-287",
  "54728": "undefined-209",
  "54744": "undefined-289",
  "54785": "undefined-104",
  "54788": "undefined-56",
  "54840": "undefined-50",
  "54861": "undefined-293",
  "54868": "undefined-37",
  "54889": "undefined-106",
  "54924": "undefined-71",
  "54952": "undefined-297",
  "54984": "undefined-193",
  "55121": "undefined-180",
  "55141": "undefined-53",
  "55148": "undefined-301"
}