{
  "44032": "undefined-60",
  "44033": "undefined-312",
  "44036": "undefined-192",
  "44040": "undefined-220",
  "44048": "undefined-249",
  "44049": "undefined-371",
  "44051": "undefined-586",
  "44053": "undefined-86",
  "44057": "undefined-1103",
  "44060": "undefined-154",
  "44061": "undefined-469",
  "44064": "undefined-1102",
  "44068": "undefined-340",
  "44076": "undefined-965",
  "44079": "undefined-546",
  "44081": "undefined-942",
  "44096": "undefined-961",
  "44144": "undefined-30",
  "44145": "undefined-1093",
  "44148": "undefined-117",
  "44152": "undefined-606",
  "44160": "undefined-299",
  "44163": "undefined-1091",
  "44165": "undefined-747",
  "44172": "undefined-174",
  "44176": "undefined-1088",
  "44192": "undefined-1086",
  "44200": "undefined-648",
  "44201": "undefined-556",
  "44204": "undefined-507",
  "44208": "undefined-396",
  "44216": "undefined-699",
  "44217": "undefined-696",
  "44221": "undefined-38",
  "44228": "undefined-92",
  "44256": "undefined-5",
  "44257": "undefined-85",
  "44260": "undefined-390",
  "44263": "undefined-1080",
  "44264": "undefined-191",
  "44272": "undefined-457",
  "44273": "undefined-759",
  "44275": "undefined-617",
  "44277": "undefined-59",
  "44278": "undefined-444",
  "44284": "undefined-13",
  "44285": "undefined-214",
  "44288": "undefined-55",
  "44305": "undefined-80",
  "44312": "undefined-688",
  "44340": "undefined-379",
  "44361": "undefined-930",
  "44368": "undefined-3",
  "44369": "undefined-859",
  "44396": "undefined-26",
  "44397": "undefined-51",
  "44400": "undefined-152",
  "44403": "undefined-857",
  "44404": "undefined-370",
  "44412": "undefined-963",
  "44413": "undefined-794",
  "44415": "undefined-343",
  "44417": "undefined-238",
  "44428": "undefined-365",
  "44432": "undefined-716",
  "44452": "undefined-1070",
  "44480": "undefined-317",
  "44484": "undefined-1068",
  "44508": "undefined-406",
  "44512": "undefined-497",
  "44516": "undefined-569",
  "44536": "undefined-182",
  "44537": "undefined-292",
  "44540": "undefined-282",
  "44544": "undefined-470",
  "44552": "undefined-93",
  "44553": "undefined-269",
  "44557": "undefined-956",
  "44592": "undefined-84",
  "44596": "undefined-727",
  "44600": "undefined-19",
  "44608": "undefined-139",
  "44611": "undefined-712",
  "44613": "undefined-1063",
  "44618": "undefined-724",
  "44620": "undefined-408",
  "44621": "undefined-807",
  "44624": "undefined-850",
  "44628": "undefined-788",
  "44645": "undefined-925",
  "44648": "undefined-583",
  "44669": "undefined-1055",
  "44732": "undefined-708",
  "44733": "undefined-869",
  "44749": "undefined-920",
  "44753": "undefined-841",
  "44760": "undefined-666",
  "44844": "undefined-537",
  "44845": "undefined-789",
  "44852": "undefined-772",
  "44860": "undefined-958",
  "44861": "undefined-1039",
  "44865": "undefined-1035",
  "44866": "undefined-1034",
  "44867": "undefined-327",
  "44984": "undefined-607",
  "44992": "undefined-835",
  "45000": "undefined-388",
  "45033": "undefined-1031",
  "45124": "undefined-878",
  "45132": "undefined-1029",
  "45143": "undefined-946",
  "45149": "undefined-485",
  "45180": "undefined-533",
  "45196": "undefined-785",
  "45208": "undefined-90",
  "45209": "undefined-234",
  "45210": "undefined-393",
  "45212": "undefined-389",
  "45216": "undefined-462",
  "45224": "undefined-34",
  "45225": "undefined-481",
  "45227": "undefined-902",
  "45229": "undefined-605",
  "45236": "undefined-69",
  "45240": "undefined-1024",
  "45244": "undefined-899",
  "45255": "undefined-750",
  "45257": "undefined-455",
  "45264": "undefined-1020",
  "45285": "undefined-769",
  "45320": "undefined-324",
  "45321": "undefined-730",
  "45328": "undefined-171",
  "45331": "undefined-933",
  "45336": "undefined-711",
  "45337": "undefined-825",
  "45341": "undefined-1011",
  "45348": "undefined-181",
  "45349": "undefined-591",
  "45352": "undefined-780",
  "45356": "undefined-631",
  "45367": "undefined-625",
  "45376": "undefined-495",
  "45377": "undefined-954",
  "45380": "undefined-326",
  "45392": "undefined-391",
  "45397": "undefined-372",
  "45400": "undefined-1005",
  "45432": "undefined-158",
  "45433": "undefined-302",
  "45436": "undefined-248",
  "45440": "undefined-479",
  "45448": "undefined-1004",
  "45453": "undefined-101",
  "45458": "undefined-405",
  "45516": "undefined-717",
  "45544": "undefined-286",
  "45572": "undefined-342",
  "45576": "undefined-581",
  "45580": "undefined-600",
  "45588": "undefined-668",
  "45656": "undefined-1002",
  "45684": "undefined-308",
  "45700": "undefined-804",
  "45712": "undefined-492",
  "45713": "undefined-745",
  "45716": "undefined-367",
  "45720": "undefined-268",
  "45728": "undefined-996",
  "45733": "undefined-273",
  "45734": "undefined-995",
  "45738": "undefined-889",
  "45740": "undefined-909",
  "45768": "undefined-235",
  "45769": "undefined-357",
  "45776": "undefined-910",
  "45784": "undefined-639",
  "45787": "undefined-867",
  "45789": "undefined-345",
  "45796": "undefined-136",
  "45797": "undefined-538",
  "45800": "undefined-95",
  "45804": "undefined-236",
  "45805": "undefined-608",
  "45806": "undefined-770",
  "45812": "undefined-196",
  "45813": "undefined-418",
  "45815": "undefined-557",
  "45817": "undefined-105",
  "45824": "undefined-8",
  "45825": "undefined-810",
  "45828": "undefined-873",
  "45840": "undefined-634",
  "45843": "undefined-754",
  "45845": "undefined-781",
  "45908": "undefined-376",
  "45909": "undefined-110",
  "45912": "undefined-575",
  "45916": "undefined-599",
  "45924": "undefined-746",
  "45936": "undefined-260",
  "45937": "undefined-929",
  "45940": "undefined-423",
  "45944": "undefined-563",
  "45952": "undefined-659",
  "45957": "undefined-883",
  "46020": "undefined-6",
  "46021": "undefined-263",
  "46024": "undefined-387",
  "46027": "undefined-579",
  "46028": "undefined-304",
  "46036": "undefined-740",
  "46039": "undefined-830",
  "46041": "undefined-4",
  "46043": "undefined-967",
  "46045": "undefined-1036",
  "46076": "undefined-654",
  "46104": "undefined-969",
  "46108": "undefined-774",
  "46123": "undefined-971",
  "46160": "undefined-149",
  "46161": "undefined-558",
  "46164": "undefined-287",
  "46168": "undefined-518",
  "46181": "undefined-493",
  "46244": "undefined-753",
  "46263": "undefined-561",
  "46272": "undefined-821",
  "46280": "undefined-900",
  "46300": "undefined-147",
  "46301": "undefined-465",
  "46304": "undefined-360",
  "46308": "undefined-255",
  "46316": "undefined-800",
  "46317": "undefined-973",
  "46321": "undefined-32",
  "46356": "undefined-208",
  "46357": "undefined-897",
  "46360": "undefined-656",
  "46364": "undefined-952",
  "46372": "undefined-895",
  "46373": "undefined-974",
  "46375": "undefined-695",
  "46377": "undefined-316",
  "46384": "undefined-798",
  "46385": "undefined-858",
  "46392": "undefined-779",
  "46405": "undefined-582",
  "46412": "undefined-886",
  "46428": "undefined-939",
  "46433": "undefined-763",
  "46496": "undefined-976",
  "46497": "undefined-649",
  "46515": "undefined-980",
  "46516": "undefined-981",
  "46524": "undefined-633",
  "46608": "undefined-577",
  "46616": "undefined-852",
  "46629": "undefined-851",
  "46748": "undefined-593",
  "46749": "undefined-373",
  "46763": "undefined-982",
  "46769": "undefined-849",
  "46888": "undefined-460",
  "46892": "undefined-984",
  "46896": "undefined-494",
  "46904": "undefined-576",
  "46907": "undefined-985",
  "46944": "undefined-640",
  "46972": "undefined-123",
  "46973": "undefined-244",
  "46976": "undefined-313",
  "46980": "undefined-795",
  "46988": "undefined-303",
  "46989": "undefined-986",
  "46993": "undefined-150",
  "47000": "undefined-176",
  "47001": "undefined-704",
  "47004": "undefined-314",
  "47016": "undefined-486",
  "47017": "undefined-845",
  "47019": "undefined-597",
  "47021": "undefined-917",
  "47028": "undefined-989",
  "47029": "undefined-671",
  "47049": "undefined-256",
  "47084": "undefined-221",
  "47085": "undefined-417",
  "47088": "undefined-756",
  "47092": "undefined-506",
  "47100": "undefined-701",
  "47101": "undefined-489",
  "47105": "undefined-650",
  "47112": "undefined-209",
  "47113": "undefined-502",
  "47116": "undefined-400",
  "47120": "undefined-842",
  "47128": "undefined-911",
  "47131": "undefined-540",
  "47140": "undefined-306",
  "47141": "undefined-434",
  "47144": "undefined-353",
  "47148": "undefined-547",
  "47156": "undefined-652",
  "47161": "undefined-225",
  "47168": "undefined-289",
  "47196": "undefined-0",
  "47197": "undefined-333",
  "47200": "undefined-520",
  "47204": "undefined-677",
  "47212": "undefined-498",
  "47213": "undefined-992",
  "47215": "undefined-319",
  "47217": "undefined-426",
  "47280": "undefined-960",
  "47308": "undefined-156",
  "47329": "undefined-190",
  "47336": "undefined-215",
  "47337": "undefined-554",
  "47340": "undefined-839",
  "47344": "undefined-877",
  "47352": "undefined-535",
  "47353": "undefined-874",
  "47355": "undefined-734",
  "47357": "undefined-1007",
  "47448": "undefined-253",
  "47449": "undefined-212",
  "47452": "undefined-452",
  "47456": "undefined-866",
  "47464": "undefined-864",
  "47469": "undefined-643",
  "47476": "undefined-291",
  "47477": "undefined-551",
  "47480": "undefined-251",
  "47484": "undefined-824",
  "47492": "undefined-290",
  "47495": "undefined-685",
  "47497": "undefined-219",
  "47532": "undefined-1",
  "47533": "undefined-449",
  "47536": "undefined-127",
  "47540": "undefined-673",
  "47548": "undefined-98",
  "47549": "undefined-194",
  "47551": "undefined-713",
  "47553": "undefined-500",
  "47560": "undefined-16",
  "47561": "undefined-344",
  "47564": "undefined-184",
  "47568": "undefined-337",
  "47569": "undefined-420",
  "47576": "undefined-564",
  "47579": "undefined-623",
  "47581": "undefined-213",
  "47582": "undefined-510",
  "47588": "undefined-172",
  "47589": "undefined-300",
  "47592": "undefined-412",
  "47596": "undefined-1014",
  "47605": "undefined-1015",
  "47607": "undefined-1016",
  "47609": "undefined-590",
  "47672": "undefined-440",
  "47673": "undefined-613",
  "47676": "undefined-464",
  "47680": "undefined-723",
  "47691": "undefined-928",
  "47693": "undefined-831",
  "47700": "undefined-271",
  "47701": "undefined-832",
  "47704": "undefined-678",
  "47708": "undefined-672",
  "47716": "undefined-829",
  "47719": "undefined-921",
  "47728": "undefined-1019",
  "47729": "undefined-879",
  "47732": "undefined-122",
  "47736": "undefined-1021",
  "47749": "undefined-125",
  "47784": "undefined-53",
  "47785": "undefined-141",
  "47788": "undefined-473",
  "47792": "undefined-630",
  "47800": "undefined-615",
  "47803": "undefined-524",
  "47805": "undefined-447",
  "47868": "undefined-531",
  "47896": "undefined-395",
  "47924": "undefined-111",
  "47925": "undefined-422",
  "47928": "undefined-61",
  "47932": "undefined-99",
  "47943": "undefined-884",
  "47945": "undefined-913",
  "48036": "undefined-658",
  "48064": "undefined-1022",
  "48068": "undefined-964",
  "48120": "undefined-76",
  "48121": "undefined-703",
  "48124": "undefined-71",
  "48127": "undefined-629",
  "48128": "undefined-309",
  "48136": "undefined-1026",
  "48139": "undefined-953",
  "48141": "undefined-622",
  "48143": "undefined-663",
  "48145": "undefined-707",
  "48148": "undefined-173",
  "48149": "undefined-120",
  "48150": "undefined-876",
  "48152": "undefined-198",
  "48155": "undefined-948",
  "48156": "undefined-246",
  "48157": "undefined-439",
  "48164": "undefined-496",
  "48165": "undefined-544",
  "48167": "undefined-1028",
  "48169": "undefined-102",
  "48173": "undefined-336",
  "48176": "undefined-224",
  "48177": "undefined-131",
  "48184": "undefined-453",
  "48192": "undefined-738",
  "48195": "undefined-562",
  "48197": "undefined-438",
  "48260": "undefined-231",
  "48261": "undefined-635",
  "48264": "undefined-104",
  "48268": "undefined-320",
  "48276": "undefined-274",
  "48277": "undefined-272",
  "48279": "undefined-809",
  "48281": "undefined-833",
  "48282": "undefined-790",
  "48283": "undefined-927",
  "48288": "undefined-296",
  "48289": "undefined-1032",
  "48292": "undefined-480",
  "48295": "undefined-647",
  "48296": "undefined-476",
  "48307": "undefined-812",
  "48316": "undefined-542",
  "48317": "undefined-335",
  "48320": "undefined-195",
  "48324": "undefined-301",
  "48337": "undefined-52",
  "48341": "undefined-922",
  "48372": "undefined-66",
  "48373": "undefined-170",
  "48374": "undefined-791",
  "48376": "undefined-210",
  "48380": "undefined-612",
  "48388": "undefined-484",
  "48391": "undefined-741",
  "48393": "undefined-87",
  "48420": "undefined-870",
  "48512": "undefined-24",
  "48513": "undefined-97",
  "48516": "undefined-233",
  "48520": "undefined-217",
  "48521": "undefined-815",
  "48528": "undefined-813",
  "48533": "undefined-735",
  "48596": "undefined-803",
  "48624": "undefined-482",
  "48652": "undefined-285",
  "48656": "undefined-448",
  "48660": "undefined-355",
  "48708": "undefined-114",
  "48709": "undefined-442",
  "48712": "undefined-401",
  "48716": "undefined-163",
  "48725": "undefined-875",
  "48727": "undefined-768",
  "48729": "undefined-377",
  "48730": "undefined-944",
  "48731": "undefined-288",
  "48736": "undefined-702",
  "48744": "undefined-706",
  "48757": "undefined-773",
  "48764": "undefined-621",
  "48785": "undefined-1046",
  "48876": "undefined-1047",
  "48904": "undefined-808",
  "48960": "undefined-620",
  "48968": "undefined-912",
  "48981": "undefined-891",
  "49100": "undefined-603",
  "49104": "undefined-1048",
  "49108": "undefined-843",
  "49240": "undefined-618",
  "49244": "undefined-614",
  "49256": "undefined-661",
  "49296": "undefined-793",
  "49324": "undefined-21",
  "49325": "undefined-721",
  "49328": "undefined-7",
  "49332": "undefined-402",
  "49334": "undefined-865",
  "49340": "undefined-41",
  "49341": "undefined-522",
  "49343": "undefined-681",
  "49345": "undefined-77",
  "49352": "undefined-168",
  "49353": "undefined-421",
  "49356": "undefined-786",
  "49360": "undefined-846",
  "49368": "undefined-328",
  "49371": "undefined-490",
  "49373": "undefined-183",
  "49380": "undefined-445",
  "49388": "undefined-705",
  "49397": "undefined-559",
  "49399": "undefined-752",
  "49401": "undefined-655",
  "49406": "undefined-765",
  "49436": "undefined-15",
  "49437": "undefined-130",
  "49440": "undefined-72",
  "49444": "undefined-137",
  "49452": "undefined-293",
  "49453": "undefined-525",
  "49455": "undefined-709",
  "49457": "undefined-22",
  "49462": "undefined-729",
  "49464": "undefined-119",
  "49468": "undefined-89",
  "49472": "undefined-595",
  "49480": "undefined-592",
  "49481": "undefined-761",
  "49483": "undefined-811",
  "49492": "undefined-637",
  "49496": "undefined-146",
  "49500": "undefined-787",
  "49520": "undefined-1057",
  "49528": "undefined-1059",
  "49548": "undefined-12",
  "49549": "undefined-18",
  "49552": "undefined-361",
  "49555": "undefined-951",
  "49556": "undefined-245",
  "49564": "undefined-521",
  "49565": "undefined-853",
  "49567": "undefined-945",
  "49569": "undefined-112",
  "49573": "undefined-722",
  "49604": "undefined-550",
  "49632": "undefined-427",
  "49651": "undefined-935",
  "49660": "undefined-534",
  "49664": "undefined-1061",
  "49677": "undefined-1062",
  "49681": "undefined-653",
  "49688": "undefined-50",
  "49689": "undefined-369",
  "49692": "undefined-135",
  "49696": "undefined-230",
  "49704": "undefined-820",
  "49707": "undefined-854",
  "49709": "undefined-416",
  "49710": "undefined-1065",
  "49711": "undefined-436",
  "49714": "undefined-385",
  "49744": "undefined-601",
  "49752": "undefined-728",
  "49772": "undefined-555",
  "49776": "undefined-1066",
  "49780": "undefined-744",
  "49788": "undefined-491",
  "49789": "undefined-1071",
  "49800": "undefined-368",
  "49808": "undefined-882",
  "49816": "undefined-1073",
  "49828": "undefined-58",
  "49832": "undefined-758",
  "49836": "undefined-378",
  "49844": "undefined-667",
  "49845": "undefined-466",
  "49849": "undefined-250",
  "49884": "undefined-56",
  "49885": "undefined-155",
  "49888": "undefined-35",
  "49892": "undefined-185",
  "49899": "undefined-1075",
  "49900": "undefined-216",
  "49901": "undefined-351",
  "49903": "undefined-962",
  "49905": "undefined-415",
  "49910": "undefined-1076",
  "49912": "undefined-584",
  "49913": "undefined-461",
  "49916": "undefined-720",
  "49920": "undefined-624",
  "49928": "undefined-686",
  "49933": "undefined-258",
  "49944": "undefined-938",
  "49961": "undefined-1078",
  "50024": "undefined-644",
  "50028": "undefined-468",
  "50032": "undefined-692",
  "50040": "undefined-923",
  "50045": "undefined-1081",
  "50052": "undefined-611",
  "50056": "undefined-674",
  "50060": "undefined-1084",
  "50136": "undefined-893",
  "50137": "undefined-949",
  "50144": "undefined-894",
  "50277": "undefined-513",
  "50416": "undefined-669",
  "50472": "undefined-283",
  "50476": "undefined-636",
  "50480": "undefined-1085",
  "50491": "undefined-1087",
  "50493": "undefined-694",
  "50500": "undefined-27",
  "50501": "undefined-243",
  "50504": "undefined-43",
  "50508": "undefined-310",
  "50516": "undefined-107",
  "50517": "undefined-413",
  "50519": "undefined-675",
  "50521": "undefined-124",
  "50526": "undefined-39",
  "50528": "undefined-305",
  "50529": "undefined-861",
  "50532": "undefined-338",
  "50536": "undefined-862",
  "50544": "undefined-801",
  "50547": "undefined-1092",
  "50549": "undefined-598",
  "50556": "undefined-201",
  "50557": "undefined-223",
  "50560": "undefined-441",
  "50564": "undefined-477",
  "50575": "undefined-567",
  "50577": "undefined-47",
  "50584": "undefined-1094",
  "50612": "undefined-118",
  "50613": "undefined-539",
  "50616": "undefined-323",
  "50620": "undefined-545",
  "50628": "undefined-382",
  "50629": "undefined-162",
  "50630": "undefined-736",
  "50631": "undefined-918",
  "50633": "undefined-901",
  "50640": "undefined-175",
  "50641": "undefined-429",
  "50644": "undefined-349",
  "50648": "undefined-321",
  "50656": "undefined-409",
  "50659": "undefined-905",
  "50661": "undefined-919",
  "50668": "undefined-128",
  "50669": "undefined-82",
  "50672": "undefined-70",
  "50676": "undefined-275",
  "50684": "undefined-374",
  "50685": "undefined-594",
  "50687": "undefined-1096",
  "50689": "undefined-49",
  "50694": "undefined-732",
  "50696": "undefined-165",
  "50704": "undefined-924",
  "50715": "undefined-571",
  "50724": "undefined-100",
  "50725": "undefined-178",
  "50728": "undefined-193",
  "50732": "undefined-211",
  "50740": "undefined-697",
  "50741": "undefined-1097",
  "50743": "undefined-616",
  "50745": "undefined-504",
  "50747": "undefined-1099",
  "50752": "undefined-278",
  "50756": "undefined-264",
  "50760": "undefined-823",
  "50771": "undefined-1100",
  "50772": "undefined-838",
  "50773": "undefined-232",
  "50780": "undefined-682",
  "50808": "undefined-108",
  "50827": "undefined-1104",
  "50836": "undefined-222",
  "50837": "undefined-346",
  "50857": "undefined-103",
  "50864": "undefined-42",
  "50865": "undefined-503",
  "50868": "undefined-116",
  "50872": "undefined-79",
  "50880": "undefined-517",
  "50883": "undefined-570",
  "50885": "undefined-347",
  "50892": "undefined-341",
  "50893": "undefined-398",
  "50896": "undefined-2",
  "50900": "undefined-126",
  "50920": "undefined-433",
  "50928": "undefined-366",
  "50937": "undefined-907",
  "50948": "undefined-229",
  "50949": "undefined-726",
  "50952": "undefined-536",
  "50956": "undefined-719",
  "50967": "undefined-566",
  "50969": "undefined-904",
  "50974": "undefined-1095",
  "50976": "undefined-17",
  "50977": "undefined-187",
  "50980": "undefined-311",
  "50984": "undefined-266",
  "50997": "undefined-560",
  "51004": "undefined-548",
  "51005": "undefined-1089",
  "51008": "undefined-78",
  "51012": "undefined-134",
  "51020": "undefined-189",
  "51021": "undefined-241",
  "51025": "undefined-403",
  "51032": "undefined-10",
  "51060": "undefined-36",
  "51061": "undefined-203",
  "51064": "undefined-45",
  "51068": "undefined-75",
  "51069": "undefined-1079",
  "51076": "undefined-200",
  "51077": "undefined-109",
  "51079": "undefined-778",
  "51080": "undefined-638",
  "51081": "undefined-610",
  "51082": "undefined-1077",
  "51086": "undefined-684",
  "51088": "undefined-74",
  "51089": "undefined-281",
  "51092": "undefined-512",
  "51095": "undefined-1074",
  "51104": "undefined-329",
  "51105": "undefined-856",
  "51107": "undefined-885",
  "51109": "undefined-29",
  "51116": "undefined-142",
  "51132": "undefined-881",
  "51135": "undefined-1072",
  "51137": "undefined-646",
  "51144": "undefined-816",
  "51148": "undefined-1069",
  "51172": "undefined-1067",
  "51200": "undefined-262",
  "51201": "undefined-325",
  "51204": "undefined-65",
  "51208": "undefined-394",
  "51210": "undefined-1064",
  "51216": "undefined-94",
  "51217": "undefined-580",
  "51219": "undefined-783",
  "51221": "undefined-33",
  "51228": "undefined-68",
  "51229": "undefined-931",
  "51232": "undefined-530",
  "51236": "undefined-509",
  "51244": "undefined-937",
  "51256": "undefined-751",
  "51260": "undefined-731",
  "51312": "undefined-138",
  "51313": "undefined-407",
  "51316": "undefined-487",
  "51320": "undefined-1060",
  "51333": "undefined-133",
  "51339": "undefined-384",
  "51340": "undefined-330",
  "51424": "undefined-872",
  "51428": "undefined-914",
  "51452": "undefined-11",
  "51453": "undefined-226",
  "51456": "undefined-354",
  "51460": "undefined-587",
  "51468": "undefined-1056",
  "51473": "undefined-28",
  "51536": "undefined-1053",
  "51564": "undefined-568",
  "51568": "undefined-1052",
  "51572": "undefined-1050",
  "51592": "undefined-318",
  "51593": "undefined-689",
  "51596": "undefined-641",
  "51600": "undefined-578",
  "51608": "undefined-844",
  "51613": "undefined-280",
  "51648": "undefined-37",
  "51649": "undefined-298",
  "51652": "undefined-63",
  "51656": "undefined-297",
  "51664": "undefined-806",
  "51665": "undefined-57",
  "51667": "undefined-890",
  "51669": "undefined-604",
  "51674": "undefined-762",
  "51676": "undefined-651",
  "51677": "undefined-887",
  "51692": "undefined-802",
  "51697": "undefined-700",
  "51900": "undefined-926",
  "51901": "undefined-679",
  "51921": "undefined-1045",
  "52040": "undefined-1043",
  "52041": "undefined-691",
  "52180": "undefined-840",
  "52236": "undefined-690",
  "52240": "undefined-1042",
  "52252": "undefined-307",
  "52264": "undefined-31",
  "52265": "undefined-602",
  "52268": "undefined-459",
  "52272": "undefined-151",
  "52280": "undefined-279",
  "52281": "undefined-1040",
  "52283": "undefined-1038",
  "52285": "undefined-129",
  "52286": "undefined-1037",
  "52292": "undefined-381",
  "52293": "undefined-514",
  "52300": "undefined-968",
  "52308": "undefined-818",
  "52320": "undefined-915",
  "52324": "undefined-1033",
  "52376": "undefined-463",
  "52377": "undefined-331",
  "52380": "undefined-25",
  "52384": "undefined-218",
  "52392": "undefined-443",
  "52393": "undefined-834",
  "52395": "undefined-826",
  "52397": "undefined-81",
  "52404": "undefined-115",
  "52408": "undefined-784",
  "52412": "undefined-718",
  "52432": "undefined-934",
  "52488": "undefined-40",
  "52489": "undefined-760",
  "52492": "undefined-132",
  "52496": "undefined-1030",
  "52507": "undefined-847",
  "52509": "undefined-549",
  "52524": "undefined-782",
  "52572": "undefined-339",
  "52600": "undefined-947",
  "52628": "undefined-276",
  "52629": "undefined-143",
  "52632": "undefined-205",
  "52636": "undefined-254",
  "52644": "undefined-714",
  "52647": "undefined-1027",
  "52649": "undefined-199",
  "52656": "undefined-1023",
  "52712": "undefined-252",
  "52740": "undefined-737",
  "52768": "undefined-364",
  "52769": "undefined-113",
  "52770": "undefined-966",
  "52789": "undefined-742",
  "52824": "undefined-20",
  "52828": "undefined-515",
  "52832": "undefined-277",
  "52833": "undefined-916",
  "52840": "undefined-432",
  "52843": "undefined-687",
  "52845": "undefined-828",
  "52852": "undefined-228",
  "52856": "undefined-627",
  "52860": "undefined-332",
  "52868": "undefined-1018",
  "52880": "undefined-425",
  "52884": "undefined-764",
  "52888": "undefined-767",
  "52896": "undefined-399",
  "52899": "undefined-822",
  "52901": "undefined-1017",
  "52964": "undefined-454",
  "52968": "undefined-526",
  "52972": "undefined-589",
  "52980": "undefined-431",
  "52981": "undefined-404",
  "52983": "undefined-1013",
  "52992": "undefined-315",
  "52996": "undefined-940",
  "53000": "undefined-836",
  "53008": "undefined-1012",
  "53011": "undefined-619",
  "53076": "undefined-202",
  "53077": "undefined-1009",
  "53080": "undefined-350",
  "53084": "undefined-383",
  "53092": "undefined-628",
  "53097": "undefined-715",
  "53104": "undefined-837",
  "53108": "undefined-1006",
  "53132": "undefined-609",
  "53188": "undefined-957",
  "53216": "undefined-519",
  "53220": "undefined-1003",
  "53224": "undefined-528",
  "53232": "undefined-1001",
  "53237": "undefined-999",
  "53244": "undefined-994",
  "53248": "undefined-993",
  "53272": "undefined-733",
  "53301": "undefined-896",
  "53304": "undefined-572",
  "53308": "undefined-991",
  "53328": "undefined-483",
  "53336": "undefined-990",
  "53356": "undefined-188",
  "53360": "undefined-380",
  "53364": "undefined-322",
  "53412": "undefined-362",
  "53416": "undefined-472",
  "53428": "undefined-488",
  "53431": "undefined-988",
  "53433": "undefined-499",
  "53440": "undefined-167",
  "53441": "undefined-446",
  "53444": "undefined-237",
  "53448": "undefined-450",
  "53449": "undefined-983",
  "53456": "undefined-543",
  "53457": "undefined-270",
  "53461": "undefined-414",
  "53468": "undefined-157",
  "53469": "undefined-227",
  "53472": "undefined-565",
  "53476": "undefined-979",
  "53484": "undefined-978",
  "53487": "undefined-977",
  "53489": "undefined-766",
  "53552": "undefined-62",
  "53553": "undefined-855",
  "53556": "undefined-516",
  "53560": "undefined-424",
  "53568": "undefined-529",
  "53569": "undefined-941",
  "53571": "undefined-749",
  "53573": "undefined-975",
  "53580": "undefined-257",
  "53581": "undefined-359",
  "53584": "undefined-662",
  "53588": "undefined-54",
  "53596": "undefined-771",
  "53664": "undefined-204",
  "53665": "undefined-950",
  "53668": "undefined-552",
  "53672": "undefined-435",
  "53680": "undefined-860",
  "53681": "undefined-632",
  "53683": "undefined-955",
  "53685": "undefined-144",
  "53748": "undefined-437",
  "53804": "undefined-471",
  "53812": "undefined-814",
  "53825": "undefined-863",
  "53916": "undefined-777",
  "53924": "undefined-972",
  "53944": "undefined-14",
  "53945": "undefined-430",
  "53948": "undefined-392",
  "53952": "undefined-585",
  "53960": "undefined-970",
  "54000": "undefined-240",
  "54001": "undefined-596",
  "54004": "undefined-676",
  "54008": "undefined-660",
  "54016": "undefined-776",
  "54021": "undefined-693",
  "54028": "undefined-46",
  "54029": "undefined-796",
  "54032": "undefined-284",
  "54036": "undefined-261",
  "54044": "undefined-588",
  "54045": "undefined-932",
  "54049": "undefined-792",
  "54056": "undefined-428",
  "54057": "undefined-739",
  "54060": "undefined-511",
  "54064": "undefined-532",
  "54075": "undefined-848",
  "54077": "undefined-573",
  "54105": "undefined-987",
  "54140": "undefined-295",
  "54144": "undefined-755",
  "54148": "undefined-898",
  "54156": "undefined-665",
  "54168": "undefined-397",
  "54169": "undefined-799",
  "54172": "undefined-160",
  "54176": "undefined-657",
  "54187": "undefined-508",
  "54189": "undefined-997",
  "54196": "undefined-998",
  "54200": "undefined-161",
  "54212": "undefined-1000",
  "54217": "undefined-91",
  "54224": "undefined-574",
  "54252": "undefined-83",
  "54253": "undefined-419",
  "54256": "undefined-626",
  "54260": "undefined-553",
  "54268": "undefined-797",
  "54273": "undefined-1008",
  "54364": "undefined-411",
  "54383": "undefined-1010",
  "54392": "undefined-247",
  "54396": "undefined-943",
  "54400": "undefined-475",
  "54408": "undefined-352",
  "54411": "undefined-805",
  "54413": "undefined-179",
  "54504": "undefined-467",
  "54532": "undefined-180",
  "54536": "undefined-775",
  "54540": "undefined-259",
  "54588": "undefined-164",
  "54589": "undefined-242",
  "54592": "undefined-725",
  "54596": "undefined-348",
  "54604": "undefined-1025",
  "54609": "undefined-527",
  "54616": "undefined-73",
  "54617": "undefined-9",
  "54620": "undefined-23",
  "54624": "undefined-169",
  "54632": "undefined-265",
  "54633": "undefined-159",
  "54635": "undefined-868",
  "54637": "undefined-140",
  "54644": "undefined-64",
  "54645": "undefined-817",
  "54648": "undefined-871",
  "54660": "undefined-959",
  "54663": "undefined-505",
  "54665": "undefined-106",
  "54672": "undefined-1041",
  "54693": "undefined-239",
  "54728": "undefined-358",
  "54729": "undefined-1044",
  "54732": "undefined-410",
  "54736": "undefined-710",
  "54744": "undefined-451",
  "54747": "undefined-827",
  "54749": "undefined-1049",
  "54756": "undefined-478",
  "54757": "undefined-1051",
  "54760": "undefined-908",
  "54764": "undefined-501",
  "54784": "undefined-1054",
  "54785": "undefined-541",
  "54788": "undefined-96",
  "54792": "undefined-698",
  "54800": "undefined-1058",
  "54801": "undefined-88",
  "54805": "undefined-153",
  "54812": "undefined-294",
  "54840": "undefined-44",
  "54844": "undefined-670",
  "54848": "undefined-386",
  "54856": "undefined-334",
  "54857": "undefined-743",
  "54861": "undefined-197",
  "54868": "undefined-48",
  "54869": "undefined-880",
  "54872": "undefined-148",
  "54876": "undefined-267",
  "54885": "undefined-936",
  "54889": "undefined-186",
  "54915": "undefined-888",
  "54924": "undefined-121",
  "54925": "undefined-642",
  "54943": "undefined-67",
  "54945": "undefined-458",
  "54952": "undefined-207",
  "54980": "undefined-177",
  "54984": "undefined-356",
  "54988": "undefined-1082",
  "55008": "undefined-1083",
  "55012": "undefined-892",
  "55036": "undefined-375",
  "55064": "undefined-474",
  "55072": "undefined-819",
  "55092": "undefined-166",
  "55113": "undefined-645",
  "55120": "undefined-1090",
  "55121": "undefined-456",
  "55124": "undefined-748",
  "55128": "undefined-523",
  "55129": "undefined-757",
  "55136": "undefined-903",
  "55137": "undefined-906",
  "55141": "undefined-145",
  "55145": "undefined-1098",
  "55148": "undefined-206",
  "55152": "undefined-664",
  "55156": "undefined-1101",
  "55176": "undefined-680",
  "55184": "undefined-363",
  "55192": "undefined-683"
}