{
  "stacks": {
    "Open Sans Regular": {
      "glyphs": {
        "97": {
          "id": 97,
          "width": 10,
          "height": 13,
          "left": 1,
          "top": -13,
          "advance": 13
        },
        "122": {
          "id": 122,
          "width": 9,
          "height": 13,
          "left": 1,
          "top": -13,
          "advance": 11
        }
      },
      "name": "Open Sans Regular",
      "range": "a-and-z"
    }
  }
}