{
  "layers": {
    "landuse": {
      "version": 1,
      "name": "landuse",
      "extent": 4096,
      "length": 3,
      "shaping": {},
      "faces": [],
      "_keys": [
        "class",
        "osm_id"
      ],
      "_values": [
        "park",
        0,
        0,
        "sand",
        0
      ],
      "_features": [
        13,
        225,
        325
      ]
    },
    "waterway": {
      "version": 1,
      "name": "waterway",
      "extent": 4096,
      "length": 11,
      "shaping": {},
      "faces": [],
      "_keys": [
        "osm_id",
        "type"
      ],
      "_values": [
        102639147,
        "stream",
        28483936,
        28544165,
        28544279,
        28544488,
        28544489,
        28544658,
        28544491,
        28544660,
        28544661,
        28544659
      ],
      "_features": [
        575,
        648,
        944,
        992,
        1068,
        1165,
        1212,
        1253,
        1291,
        1317,
        1376
      ]
    },
    "water": {
      "version": 1,
      "name": "water",
      "extent": 4096,
      "length": 5,
      "shaping": {},
      "faces": [],
      "_keys": [
        "osm_id"
      ],
      "_values": [
        0,
        0,
        0,
        0,
        0
      ],
      "_features": [
        1593,
        2064,
        2145,
        2191,
        2239
      ]
    },
    "road": {
      "version": 1,
      "name": "road",
      "extent": 4096,
      "length": 37,
      "shaping": {},
      "faces": [],
      "_keys": [
        "class",
        "oneway",
        "osm_id",
        "type"
      ],
      "_values": [
        "street_limited",
        0,
        12176014,
        "residential",
        "street",
        102638413,
        12190176,
        125871922,
        "unclassified",
        12172969,
        12171395,
        12172974,
        12171388,
        12176906,
        12184872,
        12188141,
        82660225,
        12185663,
        232292986,
        236784059,
        12187833,
        12180093,
        12181692,
        12179250,
        12182785,
        207142176,
        232292987,
        12181251,
        112429240,
        12172937,
        12178793,
        12184634,
        12175654,
        12187257,
        12183699,
        "main",
        112926169,
        "primary",
        239213058,
        174215004,
        157338248,
        174215024,
        88159974,
        "tertiary",
        12177297,
        12177319
      ],
      "_features": [
        2554,
        2676,
        2771,
        2805,
        2919,
        2988,
        3022,
        3055,
        3133,
        3161,
        3194,
        3222,
        3259,
        3296,
        3366,
        3397,
        3519,
        3579,
        3622,
        3653,
        3698,
        3767,
        3812,
        3841,
        3871,
        3924,
        3974,
        4009,
        4041,
        4075,
        4253,
        4311,
        4433,
        4722,
        4763,
        5071,
        5110
      ]
    },
    "bridge": {
      "version": 1,
      "name": "bridge",
      "extent": 4096,
      "length": 2,
      "shaping": {},
      "faces": [],
      "_keys": [
        "class",
        "oneway",
        "osm_id",
        "type"
      ],
      "_values": [
        "service",
        0,
        207142221,
        "track",
        "street",
        207142175,
        "residential"
      ],
      "_features": [
        5894,
        5923
      ]
    },
    "place_label": {
      "version": 1,
      "name": "place_label",
      "extent": 4096,
      "length": 3,
      "shaping": {
        "Open Sans Regular": {
          "Mill Valley": [
            {
              "face": 540020166,
              "glyph": 3,
              "x": 6,
              "y": 0
            },
            {
              "face": 0,
              "glyph": 48,
              "x": 21,
              "y": 0
            },
            {
              "face": 0,
              "glyph": 57,
              "x": 14,
              "y": 0
            },
            {
              "face": 0,
              "glyph": 68,
              "x": 13,
              "y": 0
            },
            {
              "face": 0,
              "glyph": 72,
              "x": 13,
              "y": 0
            },
            {
              "face": 0,
              "glyph": 76,
              "x": 6,
              "y": 0
            },
            {
              "face": 0,
              "glyph": 79,
              "x": 24,
              "y": 0
            },
            {
              "face": 0,
              "glyph": 92,
              "x": 12,
              "y": 0
            }
          ],
          "Tamalpais Valley": [
            {
              "face": 0,
              "glyph": 3,
              "x": 0,
              "y": 0
            },
            {
              "face": 0,
              "glyph": 48,
              "x": 13,
              "y": 0
            },
            {
              "face": 0,
              "glyph": 55,
              "x": 13,
              "y": 0
            },
            {
              "face": 0,
              "glyph": 57,
              "x": 28,
              "y": 0
            },
            {
              "face": 0,
              "glyph": 68,
              "x": 52,
              "y": 0
            },
            {
              "face": 0,
              "glyph": 72,
              "x": 19,
              "y": 0
            },
            {
              "face": 0,
              "glyph": 76,
              "x": 6,
              "y": 0
            },
            {
              "face": 0,
              "glyph": 79,
              "x": 40,
              "y": 0
            },
            {
              "face": 0,
              "glyph": 80,
              "x": 40,
              "y": 0
            },
            {
              "face": 0,
              "glyph": 83,
              "x": 28,
              "y": 0
            },
            {
              "face": 0,
              "glyph": 86,
              "x": 11,
              "y": 0
            },
            {
              "face": 0,
              "glyph": 92,
              "x": 12,
              "y": 0
            }
          ],
          "Muir Beach": [
            {
              "face": 0,
              "glyph": 3,
              "x": 6,
              "y": 0
            },
            {
              "face": 0,
              "glyph": 37,
              "x": 15,
              "y": 0
            },
            {
              "face": 0,
              "glyph": 48,
              "x": 21,
              "y": 0
            },
            {
              "face": 0,
              "glyph": 55,
              "x": 21,
              "y": 0
            },
            {
              "face": 0,
              "glyph": 57,
              "x": 15,
              "y": 0
            },
            {
              "face": 0,
              "glyph": 68,
              "x": 13,
              "y": 0
            },
            {
              "face": 0,
              "glyph": 70,
              "x": 11,
              "y": 0
            },
            {
              "face": 0,
              "glyph": 72,
              "x": 27,
              "y": 0
            },
            {
              "face": 0,
              "glyph": 75,
              "x": 27,
              "y": 0
            },
            {
              "face": 0,
              "glyph": 76,
              "x": 20,
              "y": 0
            },
            {
              "face": 0,
              "glyph": 79,
              "x": 0,
              "y": 0
            },
            {
              "face": 0,
              "glyph": 80,
              "x": 0,
              "y": 0
            },
            {
              "face": 0,
              "glyph": 83,
              "x": 15,
              "y": 0
            },
            {
              "face": 0,
              "glyph": 85,
              "x": 9,
              "y": 0
            },
            {
              "face": 0,
              "glyph": 86,
              "x": 11,
              "y": 0
            },
            {
              "face": 0,
              "glyph": 88,
              "x": 20,
              "y": 0
            },
            {
              "face": 0,
              "glyph": 92,
              "x": 0,
              "y": 0
            }
          ]
        }
      },
      "faces": [
        "Open Sans Regular"
      ],
      "_keys": [
        "name",
        "name_de",
        "name_en",
        "name_es",
        "name_fr",
        "osm_id",
        "type",
        "ldir",
        "scalerank"
      ],
      "_values": [
        "Mill Valley",
        0,
        "town",
        "",
        "Tamalpais Valley",
        0,
        0,
        "hamlet",
        "Muir Beach",
        0
      ],
      "_features": [
        6343,
        6381,
        6423
      ]
    },
    "poi_label": {
      "version": 1,
      "name": "poi_label",
      "extent": 4096,
      "length": 1,
      "shaping": {
        "Open Sans Regular": {
          "Muir Woods National Monument": [
            {
              "face": 540020166,
              "glyph": 3,
              "x": 6,
              "y": 0
            },
            {
              "face": 0,
              "glyph": 37,
              "x": 22,
              "y": 0
            },
            {
              "face": 0,
              "glyph": 48,
              "x": 42,
              "y": 0
            },
            {
              "face": 0,
              "glyph": 49,
              "x": 18,
              "y": 0
            },
            {
              "face": 0,
              "glyph": 55,
              "x": 42,
              "y": 0
            },
            {
              "face": 0,
              "glyph": 57,
              "x": 22,
              "y": 0
            },
            {
              "face": 0,
              "glyph": 58,
              "x": 22,
              "y": 0
            },
            {
              "face": 0,
              "glyph": 68,
              "x": 82,
              "y": 0
            },
            {
              "face": 0,
              "glyph": 70,
              "x": 25,
              "y": 0
            },
            {
              "face": 0,
              "glyph": 71,
              "x": 25,
              "y": 0
            },
            {
              "face": 0,
              "glyph": 72,
              "x": 13,
              "y": 0
            },
            {
              "face": 0,
              "glyph": 75,
              "x": 13,
              "y": 0
            },
            {
              "face": 0,
              "glyph": 76,
              "x": 40,
              "y": 0
            },
            {
              "face": 0,
              "glyph": 79,
              "x": 28,
              "y": 0
            },
            {
              "face": 0,
              "glyph": 80,
              "x": 28,
              "y": 0
            },
            {
              "face": 0,
              "glyph": 81,
              "x": 42,
              "y": 0
            },
            {
              "face": 0,
              "glyph": 82,
              "x": 82,
              "y": 0
            },
            {
              "face": 0,
              "glyph": 83,
              "x": 22,
              "y": 0
            },
            {
              "face": 0,
              "glyph": 85,
              "x": 9,
              "y": 0
            },
            {
              "face": 0,
              "glyph": 86,
              "x": 25,
              "y": 0
            },
            {
              "face": 0,
              "glyph": 87,
              "x": 16,
              "y": 0
            },
            {
              "face": 0,
              "glyph": 88,
              "x": 40,
              "y": 0
            },
            {
              "face": 0,
              "glyph": 92,
              "x": 6,
              "y": 0
            }
          ]
        }
      },
      "faces": [
        "Open Sans Regular"
      ],
      "_keys": [
        "localrank",
        "maki",
        "name",
        "name_de",
        "name_en",
        "name_es",
        "name_fr",
        "osm_id",
        "ref",
        "scalerank",
        "type"
      ],
      "_values": [
        1,
        "park",
        "Muir Woods National Monument",
        0,
        "",
        "Park"
      ],
      "_features": [
        6942
      ]
    },
    "road_label": {
      "version": 1,
      "name": "road_label",
      "extent": 4096,
      "length": 7,
      "shaping": {
        "Open Sans Regular": {
          "Panoramic Hwy": [
            {
              "face": 540022431,
              "glyph": 3,
              "x": 0,
              "y": 0
            },
            {
              "face": 0,
              "glyph": 37,
              "x": 0,
              "y": 0
            },
            {
              "face": 0,
              "glyph": 43,
              "x": 29,
              "y": 0
            },
            {
              "face": 0,
              "glyph": 48,
              "x": 14,
              "y": 0
            },
            {
              "face": 0,
              "glyph": 49,
              "x": 18,
              "y": 0
            },
            {
              "face": 0,
              "glyph": 51,
              "x": 14,
              "y": 0
            },
            {
              "face": 0,
              "glyph": 55,
              "x": 14,
              "y": 0
            },
            {
              "face": 0,
              "glyph": 57,
              "x": 0,
              "y": 0
            },
            {
              "face": 0,
              "glyph": 58,
              "x": 0,
              "y": 0
            },
            {
              "face": 0,
              "glyph": 68,
              "x": 40,
              "y": 0
            },
            {
              "face": 0,
              "glyph": 70,
              "x": 11,
              "y": 0
            },
            {
              "face": 0,
              "glyph": 71,
              "x": 11,
              "y": 0
            },
            {
              "face": 0,
              "glyph": 72,
              "x": 6,
              "y": 0
            },
            {
              "face": 0,
              "glyph": 75,
              "x": 6,
              "y": 0
            },
            {
              "face": 0,
              "glyph": 76,
              "x": 6,
              "y": 0
            },
            {
              "face": 0,
              "glyph": 79,
              "x": 22,
              "y": 0
            },
            {
              "face": 0,
              "glyph": 80,
              "x": 22,
              "y": 0
            },
            {
              "face": 0,
              "glyph": 81,
              "x": 14,
              "y": 0
            },
            {
              "face": 0,
              "glyph": 82,
              "x": 40,
              "y": 0
            },
            {
              "face": 0,
              "glyph": 83,
              "x": 0,
              "y": 0
            },
            {
              "face": 0,
              "glyph": 85,
              "x": 9,
              "y": 0
            },
            {
              "face": 0,
              "glyph": 86,
              "x": 11,
              "y": 0
            },
            {
              "face": 0,
              "glyph": 87,
              "x": 0,
              "y": 0
            },
            {
              "face": 0,
              "glyph": 88,
              "x": 6,
              "y": 0
            },
            {
              "face": 0,
              "glyph": 90,
              "x": 18,
              "y": 0
            },
            {
              "face": 0,
              "glyph": 92,
              "x": 29,
              "y": 0
            }
          ],
          "Shoreline Hwy": [
            {
              "face": 0,
              "glyph": 3,
              "x": 0,
              "y": 0
            },
            {
              "face": 0,
              "glyph": 37,
              "x": 0,
              "y": 0
            },
            {
              "face": 0,
              "glyph": 43,
              "x": 29,
              "y": 0
            },
            {
              "face": 0,
              "glyph": 48,
              "x": 13,
              "y": 0
            },
            {
              "face": 0,
              "glyph": 49,
              "x": 18,
              "y": 0
            },
            {
              "face": 0,
              "glyph": 51,
              "x": 13,
              "y": 0
            },
            {
              "face": 0,
              "glyph": 54,
              "x": 13,
              "y": 0
            },
            {
              "face": 0,
              "glyph": 55,
              "x": 13,
              "y": 0
            },
            {
              "face": 0,
              "glyph": 57,
              "x": 0,
              "y": 0
            },
            {
              "face": 0,
              "glyph": 58,
              "x": 0,
              "y": 0
            },
            {
              "face": 0,
              "glyph": 68,
              "x": 14,
              "y": 0
            },
            {
              "face": 0,
              "glyph": 70,
              "x": 0,
              "y": 0
            },
            {
              "face": 0,
              "glyph": 71,
              "x": 0,
              "y": 0
            },
            {
              "face": 0,
              "glyph": 72,
              "x": 46,
              "y": 0
            },
            {
              "face": 0,
              "glyph": 75,
              "x": 46,
              "y": 0
            },
            {
              "face": 0,
              "glyph": 76,
              "x": 6,
              "y": 0
            },
            {
              "face": 0,
              "glyph": 79,
              "x": 6,
              "y": 0
            },
            {
              "face": 0,
              "glyph": 80,
              "x": 6,
              "y": 0
            },
            {
              "face": 0,
              "glyph": 81,
              "x": 14,
              "y": 0
            },
            {
              "face": 0,
              "glyph": 82,
              "x": 14,
              "y": 0
            },
            {
              "face": 0,
              "glyph": 83,
              "x": 0,
              "y": 0
            },
            {
              "face": 0,
              "glyph": 85,
              "x": 9,
              "y": 0
            },
            {
              "face": 0,
              "glyph": 86,
              "x": 0,
              "y": 0
            },
            {
              "face": 0,
              "glyph": 87,
              "x": 0,
              "y": 0
            },
            {
              "face": 0,
              "glyph": 88,
              "x": 6,
              "y": 0
            },
            {
              "face": 0,
              "glyph": 90,
              "x": 18,
              "y": 0
            },
            {
              "face": 0,
              "glyph": 92,
              "x": 29,
              "y": 0
            }
          ]
        }
      },
      "faces": [
        "Open Sans Regular"
      ],
      "_keys": [
        "class",
        "len",
        "name",
        "name_de",
        "name_en",
        "name_es",
        "name_fr",
        "osm_id",
        "ref",
        "reflen"
      ],
      "_values": [
        "main",
        7396.168723572097,
        "Panoramic Hwy",
        "Panoramic Highway",
        88159974,
        "",
        0,
        4357.193150547803,
        "Shoreline Hwy",
        "Shoreline Highway",
        157338250,
        3528.44005555027,
        174215024,
        2928.2679350617123,
        125871918,
        7600.032638046431,
        12177319,
        2513.4221036393283,
        174215004,
        1716.9016582189813,
        12188378
      ],
      "_features": [
        7306,
        7467,
        7563,
        8012,
        8196,
        8953,
        9254
      ]
    }
  },
  "faces": {
    "Open Sans Regular": {
      "glyphs": {
        "37": {
          "id": 37,
          "width": 0,
          "height": 19,
          "left": 0,
          "top": 0,
          "advance": 19
        },
        "43": {
          "id": 43,
          "width": 0,
          "height": 13,
          "left": 0,
          "top": 0,
          "advance": 13
        },
        "48": {
          "id": 48,
          "width": 0,
          "height": 19,
          "left": 0,
          "top": 0,
          "advance": 13
        },
        "49": {
          "id": 49,
          "width": 0,
          "height": 18,
          "left": 0,
          "top": 0,
          "advance": 13
        },
        "51": {
          "id": 51,
          "width": 0,
          "height": 19,
          "left": 0,
          "top": 0,
          "advance": 13
        },
        "54": {
          "id": 54,
          "width": 0,
          "height": 19,
          "left": 0,
          "top": 0,
          "advance": 13
        },
        "55": {
          "id": 55,
          "width": 0,
          "height": 18,
          "left": 0,
          "top": 0,
          "advance": 13
        },
        "57": {
          "id": 57,
          "width": 0,
          "height": 19,
          "left": 0,
          "top": 0,
          "advance": 13
        },
        "58": {
          "id": 58,
          "width": 0,
          "height": 15,
          "left": 0,
          "top": 0,
          "advance": 6
        },
        "59": {
          "id": 59,
          "width": 0,
          "height": 18,
          "left": 0,
          "top": 0,
          "advance": 6
        },
        "68": {
          "id": 68,
          "width": 0,
          "height": 18,
          "left": 0,
          "top": 0,
          "advance": 17
        },
        "70": {
          "id": 70,
          "width": 0,
          "height": 18,
          "left": 0,
          "top": 0,
          "advance": 12
        },
        "71": {
          "id": 71,
          "width": 0,
          "height": 19,
          "left": 0,
          "top": 0,
          "advance": 17
        },
        "72": {
          "id": 72,
          "width": 0,
          "height": 18,
          "left": 0,
          "top": 0,
          "advance": 17
        },
        "75": {
          "id": 75,
          "width": 0,
          "height": 18,
          "left": 0,
          "top": 0,
          "advance": 14
        },
        "76": {
          "id": 76,
          "width": 0,
          "height": 18,
          "left": 0,
          "top": 0,
          "advance": 12
        },
        "79": {
          "id": 79,
          "width": 0,
          "height": 19,
          "left": 0,
          "top": 0,
          "advance": 18
        },
        "80": {
          "id": 80,
          "width": 0,
          "height": 18,
          "left": 0,
          "top": 0,
          "advance": 14
        },
        "81": {
          "id": 81,
          "width": 0,
          "height": 23,
          "left": 0,
          "top": 0,
          "advance": 18
        },
        "82": {
          "id": 82,
          "width": 0,
          "height": 18,
          "left": 0,
          "top": 0,
          "advance": 14
        },
        "83": {
          "id": 83,
          "width": 0,
          "height": 19,
          "left": 0,
          "top": 0,
          "advance": 13
        },
        "85": {
          "id": 85,
          "width": 0,
          "height": 19,
          "left": 0,
          "top": 0,
          "advance": 17
        },
        "86": {
          "id": 86,
          "width": 0,
          "height": 18,
          "left": 0,
          "top": 0,
          "advance": 14
        },
        "87": {
          "id": 87,
          "width": 0,
          "height": 18,
          "left": 0,
          "top": 0,
          "advance": 22
        },
        "88": {
          "id": 88,
          "width": 0,
          "height": 18,
          "left": 0,
          "top": 0,
          "advance": 13
        },
        "90": {
          "id": 90,
          "width": 0,
          "height": 18,
          "left": 0,
          "top": 0,
          "advance": 13
        },
        "92": {
          "id": 92,
          "width": 0,
          "height": 18,
          "left": 0,
          "top": 0,
          "advance": 8
        }
      },
      "family": "Open Sans",
      "style": "Regular"
    }
  }
}