{
  "layers": {
    "landuse": {
      "version": 2,
      "name": "landuse",
      "extent": 4096,
      "length": 3,
      "shaping": {},
      "faces": [],
      "_keys": [
        "class",
        "osm_id"
      ],
      "_values": [
        "park",
        0,
        0,
        "sand",
        0
      ],
      "_features": [
        13,
        223,
        314
      ]
    },
    "waterway": {
      "version": 2,
      "name": "waterway",
      "extent": 4096,
      "length": 11,
      "shaping": {},
      "faces": [],
      "_keys": [
        "osm_id",
        "type"
      ],
      "_values": [
        102639147,
        "stream",
        28483936,
        28544165,
        28544279,
        28544488,
        28544489,
        28544658,
        28544491,
        28544660,
        28544661,
        28544659
      ],
      "_features": [
        543,
        616,
        912,
        960,
        1036,
        1133,
        1180,
        1221,
        1259,
        1285,
        1344
      ]
    },
    "water": {
      "version": 2,
      "name": "water",
      "extent": 4096,
      "length": 1,
      "shaping": {},
      "faces": [],
      "_keys": [
        "osm_id"
      ],
      "_values": [
        0,
        0,
        0,
        0,
        0
      ],
      "_features": [
        1542
      ]
    },
    "road": {
      "version": 2,
      "name": "road",
      "extent": 4096,
      "length": 37,
      "shaping": {},
      "faces": [],
      "_keys": [
        "class",
        "oneway",
        "osm_id",
        "type"
      ],
      "_values": [
        "street_limited",
        0,
        12176014,
        "residential",
        "street",
        102638413,
        12190176,
        125871922,
        "unclassified",
        12172969,
        12171395,
        12172974,
        12171388,
        12176906,
        12184872,
        12188141,
        82660225,
        12185663,
        232292986,
        236784059,
        12187833,
        12180093,
        12181692,
        12179250,
        12182785,
        207142176,
        232292987,
        12181251,
        112429240,
        12172937,
        12178793,
        12184634,
        12175654,
        12187257,
        12183699,
        "main",
        112926169,
        "primary",
        239213058,
        174215004,
        157338248,
        174215024,
        88159974,
        "tertiary",
        12177297,
        12177319
      ],
      "_features": [
        2190,
        2312,
        2407,
        2441,
        2555,
        2624,
        2658,
        2691,
        2769,
        2797,
        2830,
        2858,
        2895,
        2932,
        3002,
        3033,
        3155,
        3215,
        3258,
        3289,
        3334,
        3403,
        3448,
        3477,
        3507,
        3560,
        3610,
        3645,
        3677,
        3711,
        3889,
        3947,
        4069,
        4358,
        4399,
        4707,
        4746
      ]
    },
    "bridge": {
      "version": 2,
      "name": "bridge",
      "extent": 4096,
      "length": 2,
      "shaping": {},
      "faces": [],
      "_keys": [
        "class",
        "oneway",
        "osm_id",
        "type"
      ],
      "_values": [
        "service",
        0,
        207142221,
        "track",
        "street",
        207142175,
        "residential"
      ],
      "_features": [
        5511,
        5540
      ]
    },
    "place_label": {
      "version": 2,
      "name": "place_label",
      "extent": 4096,
      "length": 3,
      "shaping": {},
      "faces": [],
      "_keys": [
        "name",
        "name_de",
        "name_en",
        "name_es",
        "name_fr",
        "osm_id",
        "type",
        "ldir",
        "scalerank"
      ],
      "_values": [
        "Mill Valley",
        0,
        "town",
        "",
        "Tamalpais Valley",
        0,
        0,
        "hamlet",
        "Muir Beach",
        0
      ],
      "_features": [
        5682,
        5720,
        5762
      ]
    },
    "poi_label": {
      "version": 2,
      "name": "poi_label",
      "extent": 4096,
      "length": 1,
      "shaping": {},
      "faces": [],
      "_keys": [
        "localrank",
        "maki",
        "name",
        "name_de",
        "name_en",
        "name_es",
        "name_fr",
        "osm_id",
        "ref",
        "scalerank",
        "type"
      ],
      "_values": [
        1,
        "park",
        "Muir Woods National Monument",
        0,
        "",
        "Park"
      ],
      "_features": [
        6010
      ]
    },
    "road_label": {
      "version": 2,
      "name": "road_label",
      "extent": 4096,
      "length": 7,
      "shaping": {},
      "faces": [],
      "_keys": [
        "class",
        "len",
        "name",
        "name_de",
        "name_en",
        "name_es",
        "name_fr",
        "osm_id",
        "ref",
        "reflen"
      ],
      "_values": [
        "main",
        7396.168723572097,
        "Panoramic Hwy",
        "Panoramic Highway",
        88159974,
        "",
        0,
        4357.193150547803,
        "Shoreline Hwy",
        "Shoreline Highway",
        157338250,
        3528.44005555027,
        174215024,
        2928.2679350617123,
        125871918,
        7600.032638046431,
        12177319,
        2513.4221036393283,
        174215004,
        1716.9016582189813,
        12188378
      ],
      "_features": [
        6226,
        6387,
        6483,
        6932,
        7116,
        7873,
        8174
      ]
    }
  },
  "faces": {}
}